Archive member included because of file (symbol)

.\CortexM0\ARM_GCC_493\Debug\ADC to UART.a(cyfitter_cfg.o)
                              .\CortexM0\ARM_GCC_493\Debug\Cm0Start.o (cyfitter_cfg)
.\CortexM0\ARM_GCC_493\Debug\ADC to UART.a(UART.o)
                              .\CortexM0\ARM_GCC_493\Debug\main.o (UART_Start)
.\CortexM0\ARM_GCC_493\Debug\ADC to UART.a(UART_UART.o)
                              .\CortexM0\ARM_GCC_493\Debug\ADC to UART.a(UART.o) (UART_UartInit)
.\CortexM0\ARM_GCC_493\Debug\ADC to UART.a(CyLib.o)
                              .\CortexM0\ARM_GCC_493\Debug\ADC to UART.a(cyfitter_cfg.o) (CySysClkWriteImoFreq)
.\CortexM0\ARM_GCC_493\Debug\ADC to UART.a(CyLFClk.o)
                              .\CortexM0\ARM_GCC_493\Debug\ADC to UART.a(cyfitter_cfg.o) (CySysClkWcoStart)
.\CortexM0\ARM_GCC_493\Debug\ADC to UART.a(ADC.o)
                              .\CortexM0\ARM_GCC_493\Debug\main.o (ADC_Start)
.\CortexM0\ARM_GCC_493\Debug\ADC to UART.a(ADC_INT.o)
                              .\CortexM0\ARM_GCC_493\Debug\ADC to UART.a(ADC.o) (ADC_ISR)
.\CortexM0\ARM_GCC_493\Debug\ADC to UART.a(CyBootAsmGnu.o)
                              .\CortexM0\ARM_GCC_493\Debug\ADC to UART.a(cyfitter_cfg.o) (CyDelayCycles)
.\CortexM0\ARM_GCC_493\Debug\ADC to UART.a(UART_SPI_UART.o)
                              .\CortexM0\ARM_GCC_493\Debug\ADC to UART.a(UART_UART.o) (UART_SpiUartReadRxData)
c:/program files (x86)/cypress/psoc creator/4.0/psoc creator/import/gnu/arm/4.9.3/bin/../lib/gcc/arm-none-eabi/4.9.3/armv6-m\libgcc.a(_udivsi3.o)
                              .\CortexM0\ARM_GCC_493\Debug\ADC to UART.a(CyLib.o) (__aeabi_uidiv)
c:/program files (x86)/cypress/psoc creator/4.0/psoc creator/import/gnu/arm/4.9.3/bin/../lib/gcc/arm-none-eabi/4.9.3/armv6-m\libgcc.a(_divsi3.o)
                              .\CortexM0\ARM_GCC_493\Debug\ADC to UART.a(CyLFClk.o) (__aeabi_idiv)
c:/program files (x86)/cypress/psoc creator/4.0/psoc creator/import/gnu/arm/4.9.3/bin/../lib/gcc/arm-none-eabi/4.9.3/armv6-m\libgcc.a(_dvmd_tls.o)
                              c:/program files (x86)/cypress/psoc creator/4.0/psoc creator/import/gnu/arm/4.9.3/bin/../lib/gcc/arm-none-eabi/4.9.3/armv6-m\libgcc.a(_udivsi3.o) (__aeabi_idiv0)
c:/program files (x86)/cypress/psoc creator/4.0/psoc creator/import/gnu/arm/4.9.3/bin/../lib/gcc/arm-none-eabi/4.9.3/armv6-m\libgcc.a(_aeabi_ldivmod.o)
                              .\CortexM0\ARM_GCC_493\Debug\ADC to UART.a(ADC.o) (__aeabi_ldivmod)
c:/program files (x86)/cypress/psoc creator/4.0/psoc creator/import/gnu/arm/4.9.3/bin/../lib/gcc/arm-none-eabi/4.9.3/armv6-m\libgcc.a(_muldi3.o)
                              .\CortexM0\ARM_GCC_493\Debug\ADC to UART.a(ADC.o) (__aeabi_lmul)
c:/program files (x86)/cypress/psoc creator/4.0/psoc creator/import/gnu/arm/4.9.3/bin/../lib/gcc/arm-none-eabi/4.9.3/armv6-m\libgcc.a(bpabi.o)
                              c:/program files (x86)/cypress/psoc creator/4.0/psoc creator/import/gnu/arm/4.9.3/bin/../lib/gcc/arm-none-eabi/4.9.3/armv6-m\libgcc.a(_aeabi_ldivmod.o) (__gnu_ldivmod_helper)
c:/program files (x86)/cypress/psoc creator/4.0/psoc creator/import/gnu/arm/4.9.3/bin/../lib/gcc/arm-none-eabi/4.9.3/armv6-m\libgcc.a(divsf3.o)
                              .\CortexM0\ARM_GCC_493\Debug\ADC to UART.a(ADC.o) (__aeabi_fdiv)
c:/program files (x86)/cypress/psoc creator/4.0/psoc creator/import/gnu/arm/4.9.3/bin/../lib/gcc/arm-none-eabi/4.9.3/armv6-m\libgcc.a(mulsf3.o)
                              .\CortexM0\ARM_GCC_493\Debug\ADC to UART.a(ADC.o) (__aeabi_fmul)
c:/program files (x86)/cypress/psoc creator/4.0/psoc creator/import/gnu/arm/4.9.3/bin/../lib/gcc/arm-none-eabi/4.9.3/armv6-m\libgcc.a(floatsisf.o)
                              .\CortexM0\ARM_GCC_493\Debug\main.o (__aeabi_i2f)
c:/program files (x86)/cypress/psoc creator/4.0/psoc creator/import/gnu/arm/4.9.3/bin/../lib/gcc/arm-none-eabi/4.9.3/armv6-m\libgcc.a(extendsfdf2.o)
                              .\CortexM0\ARM_GCC_493\Debug\main.o (__aeabi_f2d)
c:/program files (x86)/cypress/psoc creator/4.0/psoc creator/import/gnu/arm/4.9.3/bin/../lib/gcc/arm-none-eabi/4.9.3/armv6-m\libgcc.a(_clzsi2.o)
                              c:/program files (x86)/cypress/psoc creator/4.0/psoc creator/import/gnu/arm/4.9.3/bin/../lib/gcc/arm-none-eabi/4.9.3/armv6-m\libgcc.a(divsf3.o) (__clzsi2)
c:/program files (x86)/cypress/psoc creator/4.0/psoc creator/import/gnu/arm/4.9.3/bin/../lib/gcc/arm-none-eabi/4.9.3/armv6-m\libgcc.a(_divdi3.o)
                              c:/program files (x86)/cypress/psoc creator/4.0/psoc creator/import/gnu/arm/4.9.3/bin/../lib/gcc/arm-none-eabi/4.9.3/armv6-m\libgcc.a(bpabi.o) (__divdi3)
c:/program files (x86)/cypress/psoc creator/4.0/psoc creator/import/gnu/arm/4.9.3/bin/../lib/gcc/arm-none-eabi/4.9.3/armv6-m\libgcc.a(_udivdi3.o)
                              c:/program files (x86)/cypress/psoc creator/4.0/psoc creator/import/gnu/arm/4.9.3/bin/../lib/gcc/arm-none-eabi/4.9.3/armv6-m\libgcc.a(bpabi.o) (__udivdi3)
[...]
Memory Configuration

Name             Origin             Length             Attributes
rom              0x00000000         0x00020000         xr
ram              0x20000000         0x00004000         xrw
*default*        0x00000000         0xffffffff

Linker script and memory map

LOAD c:/program files (x86)/cypress/psoc creator/4.0/psoc creator/import/gnu/arm/4.9.3/bin/../lib/gcc/arm-none-eabi/4.9.3/armv6-m/crti.o
LOAD c:/program files (x86)/cypress/psoc creator/4.0/psoc creator/import/gnu/arm/4.9.3/bin/../lib/gcc/arm-none-eabi/4.9.3/armv6-m/crtbegin.o
LOAD c:/program files (x86)/cypress/psoc creator/4.0/psoc creator/import/gnu/arm/4.9.3/bin/../lib/gcc/arm-none-eabi/4.9.3/../../../../arm-none-eabi/lib/armv6-m/crt0.o
START GROUP
LOAD .\CortexM0\ARM_GCC_493\Debug\main.o
LOAD .\CortexM0\ARM_GCC_493\Debug\cymetadata.o
LOAD .\CortexM0\ARM_GCC_493\Debug\Cm0Start.o
LOAD .\CortexM0\ARM_GCC_493\Debug\ADC to UART.a
LOAD C:\Program Files (x86)\Cypress\PSoC Creator\4.0\PSoC Creator\psoc\content\cycomponentlibrary\CyComponentLibrary.cylib\CortexM0\ARM_GCC_493\Debug\CyComponentLibrary.a
END GROUP
START GROUP
LOAD c:/program files (x86)/cypress/psoc creator/4.0/psoc creator/import/gnu/arm/4.9.3/bin/../lib/gcc/arm-none-eabi/4.9.3/armv6-m\libgcc.a
LOAD c:/program files (x86)/cypress/psoc creator/4.0/psoc creator/import/gnu/arm/4.9.3/bin/../lib/gcc/arm-none-eabi/4.9.3/../../../../arm-none-eabi/lib/armv6-m\libg_nano.a
LOAD c:/program files (x86)/cypress/psoc creator/4.0/psoc creator/import/gnu/arm/4.9.3/bin/../lib/gcc/arm-none-eabi/4.9.3/../../../../arm-none-eabi/lib/armv6-m\libc_nano.a
END GROUP
START GROUP
LOAD c:/program files (x86)/cypress/psoc creator/4.0/psoc creator/import/gnu/arm/4.9.3/bin/../lib/gcc/arm-none-eabi/4.9.3/armv6-m\libgcc.a
LOAD c:/program files (x86)/cypress/psoc creator/4.0/psoc creator/import/gnu/arm/4.9.3/bin/../lib/gcc/arm-none-eabi/4.9.3/../../../../arm-none-eabi/lib/armv6-m\libc_nano.a
END GROUP
LOAD c:/program files (x86)/cypress/psoc creator/4.0/psoc creator/import/gnu/arm/4.9.3/bin/../lib/gcc/arm-none-eabi/4.9.3/armv6-m/crtend.o
LOAD c:/program files (x86)/cypress/psoc creator/4.0/psoc creator/import/gnu/arm/4.9.3/bin/../lib/gcc/arm-none-eabi/4.9.3/armv6-m/crtn.o
START GROUP
LOAD c:/program files (x86)/cypress/psoc creator/4.0/psoc creator/import/gnu/arm/4.9.3/bin/../lib/gcc/arm-none-eabi/4.9.3/armv6-m\libgcc.a
LOAD c:/program files (x86)/cypress/psoc creator/4.0/psoc creator/import/gnu/arm/4.9.3/bin/../lib/gcc/arm-none-eabi/4.9.3/../../../../arm-none-eabi/lib/armv6-m\libc.a
LOAD c:/program files (x86)/cypress/psoc creator/4.0/psoc creator/import/gnu/arm/4.9.3/bin/../lib/gcc/arm-none-eabi/4.9.3/../../../../arm-none-eabi/lib/armv6-m\libnosys.a
END GROUP
                0x00000000                CY_APPL_ORIGIN = 0x0
                0x00000080                CY_FLASH_ROW_SIZE = 0x80
                0x00000001                CY_APPL_NUM = 0x1
                0x00000001                CY_APPL_MAX = 0x1
                0x00000040                CY_METADATA_SIZE = 0x40
                0x00000000                CY_APPL_LOADABLE = 0x0
                0x00000000                CY_CHECKSUM_EXCLUDE_SIZE = ALIGN (0x0, CY_FLASH_ROW_SIZE)
                0x00000000                CY_APP_FOR_STACK_AND_COPIER = 0x0
                0x200001f0                PROVIDE (__cy_heap_start, _end)
                0x00000001                PROVIDE (__cy_region_num, ((__cy_regions_end - __cy_regions) / 0x10))
                0x20004000                PROVIDE (__cy_stack, (ORIGIN (ram) + 0x4000))
                0x20003800                PROVIDE (__cy_heap_end, (__cy_stack - 0x800))

.cybootloader   0x00000000        0x0
 *(.cybootloader)
                0x00000000                appl1_start = CY_APPL_ORIGIN?CY_APPL_ORIGIN:ALIGN (CY_FLASH_ROW_SIZE)
                0x0000ff80                appl2_start = (appl1_start + ALIGN ((((0x20000 - appl1_start) - (0x2 * CY_FLASH_ROW_SIZE)) / 0x2), CY_FLASH_ROW_SIZE))
                0x00000000                appl_start = (CY_APPL_NUM == 0x1)?appl1_start:appl2_start
                0x00000001                cy_project_type_bootloader = (appl_start == 0x0)?0x1:0x0
                0x00000000                cy_project_type_app_for_stack_and_copier = (CY_APP_FOR_STACK_AND_COPIER == 0x1)?0x1:0x0

.text           0x00000000     0x5208
 CREATE_OBJECT_SYMBOLS
                0x00000000                PROVIDE (__cy_interrupt_vector, RomVectors)
 *(.romvectors)
 .romvectors    0x00000000       0x10 .\CortexM0\ARM_GCC_493\Debug\Cm0Start.o
                0x00000000                RomVectors
                0x00000001                ASSERT ((. != __cy_interrupt_vector), No interrupt vector)
                0x00000001                ASSERT (CY_APPL_ORIGIN?(SIZEOF (.cybootloader) <= CY_APPL_ORIGIN):0x1, Wrong image location)
                0x00000010                PROVIDE (__cy_reset, Reset)
 *(.text.Reset)
 .text.Reset    0x00000010        0x8 .\CortexM0\ARM_GCC_493\Debug\Cm0Start.o
                0x00000010                Reset
                0x00000001                ASSERT ((. != __cy_reset), No reset code)
 *(.psocinit)
 .psocinit      0x00000018      0x248 .\CortexM0\ARM_GCC_493\Debug\ADC to UART.a(cyfitter_cfg.o)
                0x00000128                cyfitter_cfg
                0x00000260                . = MAX (., 0x100)
 *(.text .text.* .gnu.linkonce.t.*)
 .text          0x00000260       0x60 c:/program files (x86)/cypress/psoc creator/4.0/psoc creator/import/gnu/arm/4.9.3/bin/../lib/gcc/arm-none-eabi/4.9.3/armv6-m/crtbegin.o
 .text.main     0x000002c0       0x74 .\CortexM0\ARM_GCC_493\Debug\main.o
                0x000002c0                main
 .text.IntDefaultHandler
                0x00000334       0x14 .\CortexM0\ARM_GCC_493\Debug\Cm0Start.o
                0x00000334                IntDefaultHandler
 .text._sbrk    0x00000348       0x54 .\CortexM0\ARM_GCC_493\Debug\Cm0Start.o
                0x00000348                _sbrk
 .text.Start_c  0x0000039c       0x98 .\CortexM0\ARM_GCC_493\Debug\Cm0Start.o
                0x0000039c                Start_c
 .text.initialize_psoc
                0x00000434       0x70 .\CortexM0\ARM_GCC_493\Debug\Cm0Start.o
                0x00000434                initialize_psoc
 .text.CYMEMZERO
                0x000004a4       0x20 .\CortexM0\ARM_GCC_493\Debug\ADC to UART.a(cyfitter_cfg.o)
 .text.AnalogSetDefault
                0x000004c4       0x44 .\CortexM0\ARM_GCC_493\Debug\ADC to UART.a(cyfitter_cfg.o)
 .text.SetAnalogRoutingPumps
                0x00000508       0x40 .\CortexM0\ARM_GCC_493\Debug\ADC to UART.a(cyfitter_cfg.o)
                0x00000508                SetAnalogRoutingPumps
 .text.UART_Init
                0x00000548        0xc .\CortexM0\ARM_GCC_493\Debug\ADC to UART.a(UART.o)
                0x00000548                UART_Init
 .text.UART_Enable
                0x00000554       0x24 .\CortexM0\ARM_GCC_493\Debug\ADC to UART.a(UART.o)
                0x00000554                UART_Enable
 .text.UART_Start
                0x00000578       0x24 .\CortexM0\ARM_GCC_493\Debug\ADC to UART.a(UART.o)
                0x00000578                UART_Start
 .text.UART_ScbEnableIntr
                0x0000059c        0x8 .\CortexM0\ARM_GCC_493\Debug\ADC to UART.a(UART.o)
 .text.UART_ScbModePostEnable
                0x000005a4        0xc .\CortexM0\ARM_GCC_493\Debug\ADC to UART.a(UART.o)
 .text.UART_UartInit
                0x000005b0       0xc0 .\CortexM0\ARM_GCC_493\Debug\ADC to UART.a(UART_UART.o)
                0x000005b0                UART_UartInit
 .text.UART_UartPostEnable
                0x00000670       0x34 .\CortexM0\ARM_GCC_493\Debug\ADC to UART.a(UART_UART.o)
                0x00000670                UART_UartPostEnable
 .text.UART_UartPutString
                0x000006a4       0x34 .\CortexM0\ARM_GCC_493\Debug\ADC to UART.a(UART_UART.o)
                0x000006a4                UART_UartPutString
 .text.CySysClkWriteImoFreq
                0x000006d8       0x98 .\CortexM0\ARM_GCC_493\Debug\ADC to UART.a(CyLib.o)
                0x000006d8                CySysClkWriteImoFreq
 .text.CySysClkEcoStart
                0x00000770       0x74 .\CortexM0\ARM_GCC_493\Debug\ADC to UART.a(CyLib.o)
                0x00000770                CySysClkEcoStart
 .text.CySysClkEcoReadStatus
                0x000007e4       0x20 .\CortexM0\ARM_GCC_493\Debug\ADC to UART.a(CyLib.o)
                0x000007e4                CySysClkEcoReadStatus
 .text.CyIntSetVector
                0x00000804       0x4c .\CortexM0\ARM_GCC_493\Debug\ADC to UART.a(CyLib.o)
                0x00000804                CyIntSetVector
 .text.CyIntSetPriority
                0x00000850       0xa8 .\CortexM0\ARM_GCC_493\Debug\ADC to UART.a(CyLib.o)
                0x00000850                CyIntSetPriority
 .text.CyIntEnable
                0x000008f8       0x28 .\CortexM0\ARM_GCC_493\Debug\ADC to UART.a(CyLib.o)
                0x000008f8                CyIntEnable
 .text.CyHalt   0x00000920       0x14 .\CortexM0\ARM_GCC_493\Debug\ADC to UART.a(CyLib.o)
                0x00000920                CyHalt
 .text.CyDelayUs
                0x00000934       0x28 .\CortexM0\ARM_GCC_493\Debug\ADC to UART.a(CyLib.o)
                0x00000934                CyDelayUs
 .text.CySysClkWcoSetHighPowerMode
                0x0000095c       0x48 .\CortexM0\ARM_GCC_493\Debug\ADC to UART.a(CyLFClk.o)
 .text.CySysClkWcoSetLowPowerMode
                0x000009a4       0x48 .\CortexM0\ARM_GCC_493\Debug\ADC to UART.a(CyLFClk.o)
 .text.CySysClkWcoStart
                0x000009ec       0x20 .\CortexM0\ARM_GCC_493\Debug\ADC to UART.a(CyLFClk.o)
                0x000009ec                CySysClkWcoStart
 .text.CySysClkWcoSetPowerMode
                0x00000a0c       0x40 .\CortexM0\ARM_GCC_493\Debug\ADC to UART.a(CyLFClk.o)
                0x00000a0c                CySysClkWcoSetPowerMode
 .text.CySysWdtLock
                0x00000a4c       0x34 .\CortexM0\ARM_GCC_493\Debug\ADC to UART.a(CyLFClk.o)
                0x00000a4c                CySysWdtLock
 .text.CySysWdtLocked
                0x00000a80       0x20 .\CortexM0\ARM_GCC_493\Debug\ADC to UART.a(CyLFClk.o)
 .text.CySysWdtUnlock
                0x00000aa0       0x4c .\CortexM0\ARM_GCC_493\Debug\ADC to UART.a(CyLFClk.o)
                0x00000aa0                CySysWdtUnlock
 .text.CySysWdtClearInterrupt
                0x00000aec       0x70 .\CortexM0\ARM_GCC_493\Debug\ADC to UART.a(CyLFClk.o)
                0x00000aec                CySysWdtClearInterrupt
 .text.CySysWdtIsr
                0x00000b5c       0xe8 .\CortexM0\ARM_GCC_493\Debug\ADC to UART.a(CyLFClk.o)
                0x00000b5c                CySysWdtIsr
 .text.ADC_Start
                0x00000c44       0x24 .\CortexM0\ARM_GCC_493\Debug\ADC to UART.a(ADC.o)
                0x00000c44                ADC_Start
 .text.ADC_Init
                0x00000c68      0x1c4 .\CortexM0\ARM_GCC_493\Debug\ADC to UART.a(ADC.o)
                0x00000c68                ADC_Init
 .text.ADC_Enable
                0x00000e2c       0x38 .\CortexM0\ARM_GCC_493\Debug\ADC to UART.a(ADC.o)
                0x00000e2c                ADC_Enable
 .text.ADC_StartConvert
                0x00000e64       0x1c .\CortexM0\ARM_GCC_493\Debug\ADC to UART.a(ADC.o)
                0x00000e64                ADC_StartConvert
 .text.ADC_GetResult16
                0x00000e80       0x44 .\CortexM0\ARM_GCC_493\Debug\ADC to UART.a(ADC.o)
                0x00000e80                ADC_GetResult16
 .text.ADC_ISR  0x00000ec4       0x1c .\CortexM0\ARM_GCC_493\Debug\ADC to UART.a(ADC_INT.o)
                0x00000ec4                ADC_ISR
 .text          0x00000ee0       0x20 .\CortexM0\ARM_GCC_493\Debug\ADC to UART.a(CyBootAsmGnu.o)
                0x00000ee0                CyDelayCycles
                0x00000ef2                CyEnterCriticalSection
                0x00000efa                CyExitCriticalSection
 .text.UART_SpiUartWriteTxData
                0x00000f00       0x2c .\CortexM0\ARM_GCC_493\Debug\ADC to UART.a(UART_SPI_UART.o)
                0x00000f00                UART_SpiUartWriteTxData
 .text          0x00000f2c      0x120 c:/program files (x86)/cypress/psoc creator/4.0/psoc creator/import/gnu/arm/4.9.3/bin/../lib/gcc/arm-none-eabi/4.9.3/armv6-m\libgcc.a(_udivsi3.o)
                0x00000f2c                __aeabi_uidiv
                0x00000f2c                __udivsi3
                0x00001038                __aeabi_uidivmod
 .text          0x0000104c      0x1e0 c:/program files (x86)/cypress/psoc creator/4.0/psoc creator/import/gnu/arm/4.9.3/bin/../lib/gcc/arm-none-eabi/4.9.3/armv6-m\libgcc.a(_divsi3.o)
                0x0000104c                __divsi3
                0x0000104c                __aeabi_idiv
                0x00001218                __aeabi_idivmod
 .text          0x0000122c        0x4 c:/program files (x86)/cypress/psoc creator/4.0/psoc creator/import/gnu/arm/4.9.3/bin/../lib/gcc/arm-none-eabi/4.9.3/armv6-m\libgcc.a(_dvmd_tls.o)
                0x0000122c                __aeabi_idiv0
                0x0000122c                __aeabi_ldiv0
 .text          0x00001230       0x90 c:/program files (x86)/cypress/psoc creator/4.0/psoc creator/import/gnu/arm/4.9.3/bin/../lib/gcc/arm-none-eabi/4.9.3/armv6-m\libgcc.a(floatsisf.o)
                0x00001230                __aeabi_i2f
 .text          0x000012c0       0xa8 c:/program files (x86)/cypress/psoc creator/4.0/psoc creator/import/gnu/arm/4.9.3/bin/../lib/gcc/arm-none-eabi/4.9.3/armv6-m\libgcc.a(extendsfdf2.o)
                0x000012c0                __aeabi_f2d
 .text          0x00001368       0x3c c:/program files (x86)/cypress/psoc creator/4.0/psoc creator/import/gnu/arm/4.9.3/bin/../lib/gcc/arm-none-eabi/4.9.3/armv6-m\libgcc.a(_clzsi2.o)
                0x00001368                __clzsi2
 .text.__errno  0x000013a4        0xc c:/program files (x86)/cypress/psoc creator/4.0/psoc creator/import/gnu/arm/4.9.3/bin/../lib/gcc/arm-none-eabi/4.9.3/../../../../arm-none-eabi/lib/armv6-m\libg_nano.a(lib_a-errno.o)
                0x000013a4                __errno
 .text.__libc_init_array
                0x000013b0       0x4c c:/program files (x86)/cypress/psoc creator/4.0/psoc creator/import/gnu/arm/4.9.3/bin/../lib/gcc/arm-none-eabi/4.9.3/../../../../arm-none-eabi/lib/armv6-m\libg_nano.a(lib_a-init.o)
                0x000013b0                __libc_init_array
 .text.memcpy   0x000013fc       0x12 c:/program files (x86)/cypress/psoc creator/4.0/psoc creator/import/gnu/arm/4.9.3/bin/../lib/gcc/arm-none-eabi/4.9.3/../../../../arm-none-eabi/lib/armv6-m\libg_nano.a(lib_a-memcpy.o)
                0x000013fc                memcpy
 .text.memset   0x0000140e       0x10 c:/program files (x86)/cypress/psoc creator/4.0/psoc creator/import/gnu/arm/4.9.3/bin/../lib/gcc/arm-none-eabi/4.9.3/../../../../arm-none-eabi/lib/armv6-m\libg_nano.a(lib_a-memset.o)
                0x0000140e                memset
 .text.__cvt    0x0000141e       0xc8 c:/program files (x86)/cypress/psoc creator/4.0/psoc creator/import/gnu/arm/4.9.3/bin/../lib/gcc/arm-none-eabi/4.9.3/../../../../arm-none-eabi/lib/armv6-m\libg_nano.a(lib_a-nano-vfprintf_float.o)
                0x0000141e                __cvt
 .text.__exponent
                0x000014e6       0x62 c:/program files (x86)/cypress/psoc creator/4.0/psoc creator/import/gnu/arm/4.9.3/bin/../lib/gcc/arm-none-eabi/4.9.3/../../../../arm-none-eabi/lib/armv6-m\libg_nano.a(lib_a-nano-vfprintf_float.o)
                0x000014e6                __exponent
 .text._printf_float
                0x00001548      0x47c c:/program files (x86)/cypress/psoc creator/4.0/psoc creator/import/gnu/arm/4.9.3/bin/../lib/gcc/arm-none-eabi/4.9.3/../../../../arm-none-eabi/lib/armv6-m\libg_nano.a(lib_a-nano-vfprintf_float.o)
                0x00001548                _printf_float
 .text._printf_common
                0x000019c4       0xdc c:/program files (x86)/cypress/psoc creator/4.0/psoc creator/import/gnu/arm/4.9.3/bin/../lib/gcc/arm-none-eabi/4.9.3/../../../../arm-none-eabi/lib/armv6-m\libg_nano.a(lib_a-nano-vfprintf_i.o)
                0x000019c4                _printf_common
 .text._printf_i
                0x00001aa0      0x230 c:/program files (x86)/cypress/psoc creator/4.0/psoc creator/import/gnu/arm/4.9.3/bin/../lib/gcc/arm-none-eabi/4.9.3/../../../../arm-none-eabi/lib/armv6-m\libg_nano.a(lib_a-nano-vfprintf_i.o)
                0x00001aa0                _printf_i
 .text.__fpclassifyd
                0x00001cd0       0x50 c:/program files (x86)/cypress/psoc creator/4.0/psoc creator/import/gnu/arm/4.9.3/bin/../lib/gcc/arm-none-eabi/4.9.3/../../../../arm-none-eabi/lib/armv6-m\libg_nano.a(lib_a-s_fpclassify.o)
                0x00001cd0                __fpclassifyd
 .text.sprintf  0x00001d20       0x44 c:/program files (x86)/cypress/psoc creator/4.0/psoc creator/import/gnu/arm/4.9.3/bin/../lib/gcc/arm-none-eabi/4.9.3/../../../../arm-none-eabi/lib/armv6-m\libg_nano.a(lib_a-sprintf.o)
                0x00001d20                siprintf
                0x00001d20                sprintf
 .text.strlen   0x00001d64        0xe c:/program files (x86)/cypress/psoc creator/4.0/psoc creator/import/gnu/arm/4.9.3/bin/../lib/gcc/arm-none-eabi/4.9.3/../../../../arm-none-eabi/lib/armv6-m\libg_nano.a(lib_a-strlen.o)
                0x00001d64                strlen
 .text.quorem   0x00001d72      0x10e c:/program files (x86)/cypress/psoc creator/4.0/psoc creator/import/gnu/arm/4.9.3/bin/../lib/gcc/arm-none-eabi/4.9.3/../../../../arm-none-eabi/lib/armv6-m\libg_nano.a(lib_a-dtoa.o)
 .text._dtoa_r  0x00001e80      0xc00 c:/program files (x86)/cypress/psoc creator/4.0/psoc creator/import/gnu/arm/4.9.3/bin/../lib/gcc/arm-none-eabi/4.9.3/../../../../arm-none-eabi/lib/armv6-m\libg_nano.a(lib_a-dtoa.o)
                0x00001e80                _dtoa_r
 .text._localeconv_r
                0x00002a80        0x8 c:/program files (x86)/cypress/psoc creator/4.0/psoc creator/import/gnu/arm/4.9.3/bin/../lib/gcc/arm-none-eabi/4.9.3/../../../../arm-none-eabi/lib/armv6-m\libg_nano.a(lib_a-locale.o)
                0x00002a80                _localeconv_r
 .text.malloc   0x00002a88       0x14 c:/program files (x86)/cypress/psoc creator/4.0/psoc creator/import/gnu/arm/4.9.3/bin/../lib/gcc/arm-none-eabi/4.9.3/../../../../arm-none-eabi/lib/armv6-m\libg_nano.a(lib_a-malloc.o)
                0x00002a88                malloc
 .text.memchr   0x00002a9c       0x16 c:/program files (x86)/cypress/psoc creator/4.0/psoc creator/import/gnu/arm/4.9.3/bin/../lib/gcc/arm-none-eabi/4.9.3/../../../../arm-none-eabi/lib/armv6-m\libg_nano.a(lib_a-memchr.o)
                0x00002a9c                memchr
 .text._Balloc  0x00002ab2       0x70 c:/program files (x86)/cypress/psoc creator/4.0/psoc creator/import/gnu/arm/4.9.3/bin/../lib/gcc/arm-none-eabi/4.9.3/../../../../arm-none-eabi/lib/armv6-m\libg_nano.a(lib_a-mprec.o)
                0x00002ab2                _Balloc
 .text._Bfree   0x00002b22       0x32 c:/program files (x86)/cypress/psoc creator/4.0/psoc creator/import/gnu/arm/4.9.3/bin/../lib/gcc/arm-none-eabi/4.9.3/../../../../arm-none-eabi/lib/armv6-m\libg_nano.a(lib_a-mprec.o)
                0x00002b22                _Bfree
 .text.__multadd
                0x00002b54       0x78 c:/program files (x86)/cypress/psoc creator/4.0/psoc creator/import/gnu/arm/4.9.3/bin/../lib/gcc/arm-none-eabi/4.9.3/../../../../arm-none-eabi/lib/armv6-m\libg_nano.a(lib_a-mprec.o)
                0x00002b54                __multadd
 .text.__hi0bits
                0x00002bcc       0x36 c:/program files (x86)/cypress/psoc creator/4.0/psoc creator/import/gnu/arm/4.9.3/bin/../lib/gcc/arm-none-eabi/4.9.3/../../../../arm-none-eabi/lib/armv6-m\libg_nano.a(lib_a-mprec.o)
                0x00002bcc                __hi0bits
 .text.__lo0bits
                0x00002c02       0x5e c:/program files (x86)/cypress/psoc creator/4.0/psoc creator/import/gnu/arm/4.9.3/bin/../lib/gcc/arm-none-eabi/4.9.3/../../../../arm-none-eabi/lib/armv6-m\libg_nano.a(lib_a-mprec.o)
                0x00002c02                __lo0bits
 .text.__i2b    0x00002c60       0x12 c:/program files (x86)/cypress/psoc creator/4.0/psoc creator/import/gnu/arm/4.9.3/bin/../lib/gcc/arm-none-eabi/4.9.3/../../../../arm-none-eabi/lib/armv6-m\libg_nano.a(lib_a-mprec.o)
                0x00002c60                __i2b
 .text.__multiply
                0x00002c72      0x11a c:/program files (x86)/cypress/psoc creator/4.0/psoc creator/import/gnu/arm/4.9.3/bin/../lib/gcc/arm-none-eabi/4.9.3/../../../../arm-none-eabi/lib/armv6-m\libg_nano.a(lib_a-mprec.o)
                0x00002c72                __multiply
 .text.__pow5mult
                0x00002d8c       0xa4 c:/program files (x86)/cypress/psoc creator/4.0/psoc creator/import/gnu/arm/4.9.3/bin/../lib/gcc/arm-none-eabi/4.9.3/../../../../arm-none-eabi/lib/armv6-m\libg_nano.a(lib_a-mprec.o)
                0x00002d8c                __pow5mult
 .text.__lshift
                0x00002e30       0xa4 c:/program files (x86)/cypress/psoc creator/4.0/psoc creator/import/gnu/arm/4.9.3/bin/../lib/gcc/arm-none-eabi/4.9.3/../../../../arm-none-eabi/lib/armv6-m\libg_nano.a(lib_a-mprec.o)
                0x00002e30                __lshift
 .text.__mcmp   0x00002ed4       0x36 c:/program files (x86)/cypress/psoc creator/4.0/psoc creator/import/gnu/arm/4.9.3/bin/../lib/gcc/arm-none-eabi/4.9.3/../../../../arm-none-eabi/lib/armv6-m\libg_nano.a(lib_a-mprec.o)
                0x00002ed4                __mcmp
 .text.__mdiff  0x00002f0a       0xd6 c:/program files (x86)/cypress/psoc creator/4.0/psoc creator/import/gnu/arm/4.9.3/bin/../lib/gcc/arm-none-eabi/4.9.3/../../../../arm-none-eabi/lib/armv6-m\libg_nano.a(lib_a-mprec.o)
                0x00002f0a                __mdiff
 .text.__d2b    0x00002fe0       0xa8 c:/program files (x86)/cypress/psoc creator/4.0/psoc creator/import/gnu/arm/4.9.3/bin/../lib/gcc/arm-none-eabi/4.9.3/../../../../arm-none-eabi/lib/armv6-m\libg_nano.a(lib_a-mprec.o)
                0x00002fe0                __d2b
 .text._calloc_r
                0x00003088       0x1c c:/program files (x86)/cypress/psoc creator/4.0/psoc creator/import/gnu/arm/4.9.3/bin/../lib/gcc/arm-none-eabi/4.9.3/../../../../arm-none-eabi/lib/armv6-m\libg_nano.a(lib_a-nano-callocr.o)
                0x00003088                _calloc_r
 .text._free_r  0x000030a4       0x8c c:/program files (x86)/cypress/psoc creator/4.0/psoc creator/import/gnu/arm/4.9.3/bin/../lib/gcc/arm-none-eabi/4.9.3/../../../../arm-none-eabi/lib/armv6-m\libg_nano.a(lib_a-nano-freer.o)
                0x000030a4                _free_r
 .text._malloc_r
                0x00003130       0xb0 c:/program files (x86)/cypress/psoc creator/4.0/psoc creator/import/gnu/arm/4.9.3/bin/../lib/gcc/arm-none-eabi/4.9.3/../../../../arm-none-eabi/lib/armv6-m\libg_nano.a(lib_a-nano-mallocr.o)
                0x00003130                _malloc_r
 .text.__ssputs_r
                0x000031e0       0xc0 c:/program files (x86)/cypress/psoc creator/4.0/psoc creator/import/gnu/arm/4.9.3/bin/../lib/gcc/arm-none-eabi/4.9.3/../../../../arm-none-eabi/lib/armv6-m\libg_nano.a(lib_a-nano-svfprintf.o)
                0x000031e0                __ssputs_r
 .text._svfprintf_r
                0x000032a0      0x1ec c:/program files (x86)/cypress/psoc creator/4.0/psoc creator/import/gnu/arm/4.9.3/bin/../lib/gcc/arm-none-eabi/4.9.3/../../../../arm-none-eabi/lib/armv6-m\libg_nano.a(lib_a-nano-svfprintf.o)
                0x000032a0                _svfiprintf_r
                0x000032a0                _svfprintf_r
 .text._sbrk_r  0x0000348c       0x24 c:/program files (x86)/cypress/psoc creator/4.0/psoc creator/import/gnu/arm/4.9.3/bin/../lib/gcc/arm-none-eabi/4.9.3/../../../../arm-none-eabi/lib/armv6-m\libg_nano.a(lib_a-sbrkr.o)
                0x0000348c                _sbrk_r
 .text.memmove  0x000034b0       0x28 c:/program files (x86)/cypress/psoc creator/4.0/psoc creator/import/gnu/arm/4.9.3/bin/../lib/gcc/arm-none-eabi/4.9.3/../../../../arm-none-eabi/lib/armv6-m\libg_nano.a(lib_a-memmove.o)
                0x000034b0                memmove
 .text._realloc_r
                0x000034d8       0x4c c:/program files (x86)/cypress/psoc creator/4.0/psoc creator/import/gnu/arm/4.9.3/bin/../lib/gcc/arm-none-eabi/4.9.3/../../../../arm-none-eabi/lib/armv6-m\libg_nano.a(lib_a-nano-reallocr.o)
                0x000034d8                _realloc_r
 .text._malloc_usable_size_r
                0x00003524       0x16 c:/program files (x86)/cypress/psoc creator/4.0/psoc creator/import/gnu/arm/4.9.3/bin/../lib/gcc/arm-none-eabi/4.9.3/../../../../arm-none-eabi/lib/armv6-m\libg_nano.a(lib_a-nano-msizer.o)
                0x00003524                _malloc_usable_size_r
 *fill*         0x0000353a        0x2 
 .text          0x0000353c       0x14 c:/program files (x86)/cypress/psoc creator/4.0/psoc creator/import/gnu/arm/4.9.3/bin/../lib/gcc/arm-none-eabi/4.9.3/armv6-m\libgcc.a(_thumb1_case_uqi.o)
                0x0000353c                __gnu_thumb1_case_uqi
 .text          0x00003550       0x7c c:/program files (x86)/cypress/psoc creator/4.0/psoc creator/import/gnu/arm/4.9.3/bin/../lib/gcc/arm-none-eabi/4.9.3/armv6-m\libgcc.a(_arm_cmpdf2.o)
                0x00003550                __aeabi_cdrcmple
                0x00003560                __aeabi_cdcmple
                0x00003560                __aeabi_cdcmpeq
                0x00003570                __aeabi_dcmpeq
                0x0000357c                __aeabi_dcmplt
                0x00003590                __aeabi_dcmple
                0x000035a4                __aeabi_dcmpgt
                0x000035b8                __aeabi_dcmpge
 .text          0x000035cc      0x650 c:/program files (x86)/cypress/psoc creator/4.0/psoc creator/import/gnu/arm/4.9.3/bin/../lib/gcc/arm-none-eabi/4.9.3/armv6-m\libgcc.a(adddf3.o)
                0x000035cc                __aeabi_dadd
 .text          0x00003c1c      0x648 c:/program files (x86)/cypress/psoc creator/4.0/psoc creator/import/gnu/arm/4.9.3/bin/../lib/gcc/arm-none-eabi/4.9.3/armv6-m\libgcc.a(divdf3.o)
                0x00003c1c                __aeabi_ddiv
 .text          0x00004264       0x88 c:/program files (x86)/cypress/psoc creator/4.0/psoc creator/import/gnu/arm/4.9.3/bin/../lib/gcc/arm-none-eabi/4.9.3/armv6-m\libgcc.a(eqdf2.o)
                0x00004264                __nedf2
                0x00004264                __eqdf2
 .text          0x000042ec       0xe0 c:/program files (x86)/cypress/psoc creator/4.0/psoc creator/import/gnu/arm/4.9.3/bin/../lib/gcc/arm-none-eabi/4.9.3/armv6-m\libgcc.a(gedf2.o)
                0x000042ec                __gedf2
                0x000042ec                __gtdf2
 .text          0x000043cc       0xcc c:/program files (x86)/cypress/psoc creator/4.0/psoc creator/import/gnu/arm/4.9.3/bin/../lib/gcc/arm-none-eabi/4.9.3/armv6-m\libgcc.a(ledf2.o)
                0x000043cc                __ledf2
                0x000043cc                __ltdf2
 .text          0x00004498      0x534 c:/program files (x86)/cypress/psoc creator/4.0/psoc creator/import/gnu/arm/4.9.3/bin/../lib/gcc/arm-none-eabi/4.9.3/armv6-m\libgcc.a(muldf3.o)
                0x00004498                __aeabi_dmul
 .text          0x000049cc      0x6f4 c:/program files (x86)/cypress/psoc creator/4.0/psoc creator/import/gnu/arm/4.9.3/bin/../lib/gcc/arm-none-eabi/4.9.3/armv6-m\libgcc.a(subdf3.o)
                0x000049cc                __aeabi_dsub
 .text          0x000050c0       0x6c c:/program files (x86)/cypress/psoc creator/4.0/psoc creator/import/gnu/arm/4.9.3/bin/../lib/gcc/arm-none-eabi/4.9.3/armv6-m\libgcc.a(fixdfsi.o)
                0x000050c0                __aeabi_d2iz
 .text          0x0000512c       0x78 c:/program files (x86)/cypress/psoc creator/4.0/psoc creator/import/gnu/arm/4.9.3/bin/../lib/gcc/arm-none-eabi/4.9.3/armv6-m\libgcc.a(floatsidf.o)
                0x0000512c                __aeabi_i2d
 .text          0x000051a4       0x64 c:/program files (x86)/cypress/psoc creator/4.0/psoc creator/import/gnu/arm/4.9.3/bin/../lib/gcc/arm-none-eabi/4.9.3/armv6-m\libgcc.a(floatunsidf.o)
                0x000051a4                __aeabi_ui2d
 *(.plt)
 *(.gnu.warning)
 *(.glue_7t)
 .glue_7t       0x00000000        0x0 linker stubs
 *(.glue_7)
 .glue_7        0x00000000        0x0 linker stubs
 *(.vfp11_veneer)
 .vfp11_veneer  0x00000000        0x0 linker stubs
 *(.bootloader)
 *(.ARM.extab* .gnu.linkonce.armextab.*)
 *(.gcc_except_table)

.v4_bx          0x00005208        0x0
 .v4_bx         0x00000000        0x0 linker stubs

.iplt           0x00005208        0x0
 .iplt          0x00000000        0x0 c:/program files (x86)/cypress/psoc creator/4.0/psoc creator/import/gnu/arm/4.9.3/bin/../lib/gcc/arm-none-eabi/4.9.3/armv6-m/crtbegin.o

.eh_frame_hdr
 *(.eh_frame_hdr)

.eh_frame       0x00005208        0x4
 *(.eh_frame)
 .eh_frame      0x00005208        0x0 c:/program files (x86)/cypress/psoc creator/4.0/psoc creator/import/gnu/arm/4.9.3/bin/../lib/gcc/arm-none-eabi/4.9.3/armv6-m/crtbegin.o
 .eh_frame      0x00005208        0x0 c:/program files (x86)/cypress/psoc creator/4.0/psoc creator/import/gnu/arm/4.9.3/bin/../lib/gcc/arm-none-eabi/4.9.3/../../../../arm-none-eabi/lib/armv6-m\libg_nano.a(lib_a-strcmp.o)
                                 0x28 (size before relaxing)
 .eh_frame      0x00005208        0x4 c:/program files (x86)/cypress/psoc creator/4.0/psoc creator/import/gnu/arm/4.9.3/bin/../lib/gcc/arm-none-eabi/4.9.3/armv6-m/crtend.o
                0x0000520c                PROVIDE (__exidx_start, .)

.ARM.exidx
 *(.ARM.exidx* .gnu.linkonce.armexidx.*)
                0x0000520c                __exidx_end = .

.rodata         0x00005210      0x278
 *(.rodata .rodata.* .gnu.linkonce.r.*)
 .rodata        0x00005210       0x28 .\CortexM0\ARM_GCC_493\Debug\main.o
 .rodata        0x00005238        0xc .\CortexM0\ARM_GCC_493\Debug\ADC to UART.a(cyfitter_cfg.o)
 .rodata        0x00005244       0x30 .\CortexM0\ARM_GCC_493\Debug\ADC to UART.a(CyLib.o)
                0x00005244                cyImoFreqMhz2Reg
 .rodata.str1.1
                0x00005274        0x2 c:/program files (x86)/cypress/psoc creator/4.0/psoc creator/import/gnu/arm/4.9.3/bin/../lib/gcc/arm-none-eabi/4.9.3/../../../../arm-none-eabi/lib/armv6-m\libg_nano.a(lib_a-impure.o)
 .rodata.str1.1
                0x00005276       0x12 c:/program files (x86)/cypress/psoc creator/4.0/psoc creator/import/gnu/arm/4.9.3/bin/../lib/gcc/arm-none-eabi/4.9.3/../../../../arm-none-eabi/lib/armv6-m\libg_nano.a(lib_a-nano-vfprintf_float.o)
 .rodata.str1.1
                0x00005288       0x22 c:/program files (x86)/cypress/psoc creator/4.0/psoc creator/import/gnu/arm/4.9.3/bin/../lib/gcc/arm-none-eabi/4.9.3/../../../../arm-none-eabi/lib/armv6-m\libg_nano.a(lib_a-nano-vfprintf_i.o)
 .rodata.str1.1
                0x000052aa        0xd c:/program files (x86)/cypress/psoc creator/4.0/psoc creator/import/gnu/arm/4.9.3/bin/../lib/gcc/arm-none-eabi/4.9.3/../../../../arm-none-eabi/lib/armv6-m\libg_nano.a(lib_a-dtoa.o)
                                  0xf (size before relaxing)
 .rodata.str1.1
                0x000052b7        0x8 c:/program files (x86)/cypress/psoc creator/4.0/psoc creator/import/gnu/arm/4.9.3/bin/../lib/gcc/arm-none-eabi/4.9.3/../../../../arm-none-eabi/lib/armv6-m\libg_nano.a(lib_a-locale.o)
                                  0xb (size before relaxing)
 *fill*         0x000052bf        0x1 
 .rodata.__mprec_tens
                0x000052c0       0xc8 c:/program files (x86)/cypress/psoc creator/4.0/psoc creator/import/gnu/arm/4.9.3/bin/../lib/gcc/arm-none-eabi/4.9.3/../../../../arm-none-eabi/lib/armv6-m\libg_nano.a(lib_a-mprec.o)
                0x000052c0                __mprec_tens
 .rodata.__mprec_bigtens
                0x00005388       0x28 c:/program files (x86)/cypress/psoc creator/4.0/psoc creator/import/gnu/arm/4.9.3/bin/../lib/gcc/arm-none-eabi/4.9.3/../../../../arm-none-eabi/lib/armv6-m\libg_nano.a(lib_a-mprec.o)
                0x00005388                __mprec_bigtens
 .rodata.p05.5308
                0x000053b0        0xc c:/program files (x86)/cypress/psoc creator/4.0/psoc creator/import/gnu/arm/4.9.3/bin/../lib/gcc/arm-none-eabi/4.9.3/../../../../arm-none-eabi/lib/armv6-m\libg_nano.a(lib_a-mprec.o)
 .rodata.str1.1
                0x000053bc       0x11 c:/program files (x86)/cypress/psoc creator/4.0/psoc creator/import/gnu/arm/4.9.3/bin/../lib/gcc/arm-none-eabi/4.9.3/../../../../arm-none-eabi/lib/armv6-m\libg_nano.a(lib_a-nano-svfprintf.o)
 *fill*         0x000053cd        0x3 
 .rodata        0x000053d0       0x40 c:/program files (x86)/cypress/psoc creator/4.0/psoc creator/import/gnu/arm/4.9.3/bin/../lib/gcc/arm-none-eabi/4.9.3/armv6-m\libgcc.a(divdf3.o)
 .rodata        0x00005410       0x40 c:/program files (x86)/cypress/psoc creator/4.0/psoc creator/import/gnu/arm/4.9.3/bin/../lib/gcc/arm-none-eabi/4.9.3/armv6-m\libgcc.a(muldf3.o)
                0x00005450                . = ALIGN (0x4)
 *(.init)
 .init          0x00005450        0x4 c:/program files (x86)/cypress/psoc creator/4.0/psoc creator/import/gnu/arm/4.9.3/bin/../lib/gcc/arm-none-eabi/4.9.3/armv6-m/crti.o
                0x00005450                _init
 .init          0x00005454        0x8 c:/program files (x86)/cypress/psoc creator/4.0/psoc creator/import/gnu/arm/4.9.3/bin/../lib/gcc/arm-none-eabi/4.9.3/armv6-m/crtn.o
                0x0000545c                . = ALIGN (0x4)
                0x0000545c                __preinit_array_start = .
 *(.preinit_array)
                0x0000545c                __preinit_array_end = .
                0x0000545c                . = ALIGN (0x4)
                0x0000545c                __init_array_start = .
 *(SORT(.init_array.*))
 *(.init_array)
 .init_array    0x0000545c        0x4 c:/program files (x86)/cypress/psoc creator/4.0/psoc creator/import/gnu/arm/4.9.3/bin/../lib/gcc/arm-none-eabi/4.9.3/armv6-m/crtbegin.o
 .init_array    0x00005460        0x4 .\CortexM0\ARM_GCC_493\Debug\Cm0Start.o
                0x00005464                __init_array_end = .
                0x00005464                . = ALIGN (0x4)
 *(.fini)
 .fini          0x00005464        0x4 c:/program files (x86)/cypress/psoc creator/4.0/psoc creator/import/gnu/arm/4.9.3/bin/../lib/gcc/arm-none-eabi/4.9.3/armv6-m/crti.o
                0x00005464                _fini
 .fini          0x00005468        0x8 c:/program files (x86)/cypress/psoc creator/4.0/psoc creator/import/gnu/arm/4.9.3/bin/../lib/gcc/arm-none-eabi/4.9.3/armv6-m/crtn.o
                0x00005470                . = ALIGN (0x4)
                0x00005470                __fini_array_start = .
 *(.fini_array)
 .fini_array    0x00005470        0x4 c:/program files (x86)/cypress/psoc creator/4.0/psoc creator/import/gnu/arm/4.9.3/bin/../lib/gcc/arm-none-eabi/4.9.3/armv6-m/crtbegin.o
 *(SORT(.fini_array.*))
                0x00005474                __fini_array_end = .
                0x00005474                . = ALIGN (0x4)
 *crtbegin.o(.ctors)
 *(EXCLUDE_FILE(*crtend.o) .ctors)
 *(SORT(.ctors.*))
 *crtend.o(.ctors)
                0x00005474                . = ALIGN (0x4)
 *crtbegin.o(.dtors)
 *(EXCLUDE_FILE(*crtend.o) .dtors)
 *(SORT(.dtors.*))
 *crtend.o(.dtors)
                0x00005474                . = ALIGN (0x4)
                0x00005474                __cy_regions = .
                0x00005474        0x4 LONG 0x5488 __cy_region_init_ram
                0x00005478        0x4 LONG 0x200000c8 __cy_region_start_data
                0x0000547c        0x4 LONG 0xc0 __cy_region_init_size_ram
                0x00005480        0x4 LONG 0x68 __cy_region_zero_size_ram
                0x00005484                __cy_regions_end = .
                0x00005488                . = ALIGN (0x8)
 *fill*         0x00005484        0x4 
                0x00005488                _etext = .

.cy_checksum_exclude
                0x00005488        0x0
 *(.cy_checksum_exclude)

.ramvectors     0x20000000       0xc0
                0x20000000                __cy_region_start_ram = .
 *(.ramvectors)
 .ramvectors    0x20000000       0xc0 .\CortexM0\ARM_GCC_493\Debug\Cm0Start.o
                0x20000000                CyRamVectors

.noinit         0x200000c0        0x4
 *(.noinit)
 .noinit        0x200000c0        0x4 .\CortexM0\ARM_GCC_493\Debug\Cm0Start.o

.data           0x200000c8       0xc0 load address 0x00005488
                0x200000c8                __cy_region_start_data = .
 *(.jcr)
 .jcr           0x200000c8        0x0 c:/program files (x86)/cypress/psoc creator/4.0/psoc creator/import/gnu/arm/4.9.3/bin/../lib/gcc/arm-none-eabi/4.9.3/armv6-m/crtbegin.o
 .jcr           0x200000c8        0x4 c:/program files (x86)/cypress/psoc creator/4.0/psoc creator/import/gnu/arm/4.9.3/bin/../lib/gcc/arm-none-eabi/4.9.3/armv6-m/crtend.o
 *(.got.plt)
 *(.got)
 *(.shdata)
 *(.data .data.* .gnu.linkonce.d.*)
 .data          0x200000cc        0x4 .\CortexM0\ARM_GCC_493\Debug\Cm0Start.o
 .data          0x200000d0       0x14 .\CortexM0\ARM_GCC_493\Debug\ADC to UART.a(CyLib.o)
                0x200000d0                cydelayFreqHz
                0x200000d4                cydelayFreqKhz
                0x200000d8                cydelayFreqMhz
                0x200000dc                cydelay32kMs
                0x200000e0                CySysClkPumpConfig
 .data          0x200000e4        0x8 .\CortexM0\ARM_GCC_493\Debug\ADC to UART.a(CyLFClk.o)
 .data.impure_data
                0x200000ec       0x60 c:/program files (x86)/cypress/psoc creator/4.0/psoc creator/import/gnu/arm/4.9.3/bin/../lib/gcc/arm-none-eabi/4.9.3/../../../../arm-none-eabi/lib/armv6-m\libg_nano.a(lib_a-impure.o)
 .data._impure_ptr
                0x2000014c        0x4 c:/program files (x86)/cypress/psoc creator/4.0/psoc creator/import/gnu/arm/4.9.3/bin/../lib/gcc/arm-none-eabi/4.9.3/../../../../arm-none-eabi/lib/armv6-m\libg_nano.a(lib_a-impure.o)
                0x2000014c                _impure_ptr
 .data.lconv    0x20000150       0x38 c:/program files (x86)/cypress/psoc creator/4.0/psoc creator/import/gnu/arm/4.9.3/bin/../lib/gcc/arm-none-eabi/4.9.3/../../../../arm-none-eabi/lib/armv6-m\libg_nano.a(lib_a-locale.o)
                0x20000188                . = ALIGN (0x8)
 *(.ram)
                0x20000188                _edata = .

.igot.plt       0x20000188        0x0 load address 0x00005548
 .igot.plt      0x00000000        0x0 c:/program files (x86)/cypress/psoc creator/4.0/psoc creator/import/gnu/arm/4.9.3/bin/../lib/gcc/arm-none-eabi/4.9.3/armv6-m/crtbegin.o

.bss            0x20000188       0x68 load address 0x00005548
                0x20000188                PROVIDE (__bss_start__, .)
 *(.shbss)
 *(.bss .bss.* .gnu.linkonce.b.*)
 .bss           0x20000188       0x1c c:/program files (x86)/cypress/psoc creator/4.0/psoc creator/import/gnu/arm/4.9.3/bin/../lib/gcc/arm-none-eabi/4.9.3/armv6-m/crtbegin.o
 .bss           0x200001a4        0x4 .\CortexM0\ARM_GCC_493\Debug\ADC to UART.a(UART.o)
                0x200001a4                UART_initVar
                0x200001a6                UART_IntrTxMask
 .bss           0x200001a8       0x28 .\CortexM0\ARM_GCC_493\Debug\ADC to UART.a(CyLFClk.o)
 .bss           0x200001d0        0x1 .\CortexM0\ARM_GCC_493\Debug\ADC to UART.a(ADC.o)
                0x200001d0                ADC_initVar
 *fill*         0x200001d1        0x3 
 .bss.__malloc_sbrk_start
                0x200001d4        0x4 c:/program files (x86)/cypress/psoc creator/4.0/psoc creator/import/gnu/arm/4.9.3/bin/../lib/gcc/arm-none-eabi/4.9.3/../../../../arm-none-eabi/lib/armv6-m\libg_nano.a(lib_a-nano-mallocr.o)
                0x200001d4                __malloc_sbrk_start
 .bss.__malloc_free_list
                0x200001d8        0x4 c:/program files (x86)/cypress/psoc creator/4.0/psoc creator/import/gnu/arm/4.9.3/bin/../lib/gcc/arm-none-eabi/4.9.3/../../../../arm-none-eabi/lib/armv6-m\libg_nano.a(lib_a-nano-mallocr.o)
                0x200001d8                __malloc_free_list
 *(COMMON)
 COMMON         0x200001dc        0x5 .\CortexM0\ARM_GCC_493\Debug\main.o
                0x200001dc                adc_val
                0x200001e0                send_value
 *fill*         0x200001e1        0x3 
 COMMON         0x200001e4        0x6 .\CortexM0\ARM_GCC_493\Debug\ADC to UART.a(ADC.o)
                0x200001e4                ADC_countsPer10Volt
                0x200001e8                ADC_offset
 *fill*         0x200001ea        0x2 
 COMMON         0x200001ec        0x4 c:/program files (x86)/cypress/psoc creator/4.0/psoc creator/import/gnu/arm/4.9.3/bin/../lib/gcc/arm-none-eabi/4.9.3/../../../../arm-none-eabi/lib/armv6-m\libg_nano.a(lib_a-reent.o)
                0x200001ec                errno
                0x200001f0                . = ALIGN (0x8)
 *(.ram.b)
                0x200001f0                _end = .
                0x200001f0                __end = .
                0x200001f0                PROVIDE (end, .)
                0x200001f0                PROVIDE (__bss_end__, .)
                0x00005488                __cy_region_init_ram = LOADADDR (.data)
                0x000000c0                __cy_region_init_size_ram = (_edata - ADDR (.data))
                0x00000068                __cy_region_zero_size_ram = (_end - _edata)

.heap           0x200001f0     0x1000 load address 0x00005548
                0x200001f0                . = _end
                0x200011f0                . = (. + 0x1000)
 *fill*         0x200001f0     0x1000 
                0x200011f0                __cy_heap_limit = .

.stack          0x20003800      0x800
                0x20003800                __cy_stack_limit = .
                0x20004000                . = (. + 0x800)
 *fill*         0x20003800      0x800 
                0x00000001                ASSERT ((__cy_stack_limit >= __cy_heap_limit), region RAM overflowed with stack)
                0x00000000                cy_checksum_exclude_size = (CY_APPL_LOADABLE == 0x1)?SIZEOF (.cy_checksum_exclude):0x0
                0x00000001                ASSERT ((cy_checksum_exclude_size <= CY_CHECKSUM_EXCLUDE_SIZE), CY_BOOT: Section .cy_checksum_exclude size exceedes specified limit.)
                0x0001ffc0                cyloadermeta_start = (cy_project_type_bootloader || cy_project_type_app_for_stack_and_copier)?(0x20000 - CY_METADATA_SIZE):0xf0000000

.cyloadermeta
 *(.cyloadermeta)
                0x0001ffc0                cyloadablemeta_start = cy_project_type_app_for_stack_and_copier?((0x20000 - CY_FLASH_ROW_SIZE) - CY_METADATA_SIZE):((0x20000 - (CY_FLASH_ROW_SIZE * (CY_APPL_NUM - 0x1))) - CY_METADATA_SIZE)

.cyloadablemeta
 *(.cyloadablemeta)

.cyflashprotect
                0x90400000       0x80
 *(.cyflashprotect)
 .cyflashprotect
                0x90400000       0x80 .\CortexM0\ARM_GCC_493\Debug\cymetadata.o
                0x90400000                cy_meta_flashprotect

.cymeta         0x90500000        0xc
 *(.cymeta)
 .cymeta        0x90500000        0xc .\CortexM0\ARM_GCC_493\Debug\cymetadata.o
                0x90500000                cy_metadata

.cychipprotect  0x90600000        0x4
 *(.cychipprotect)
 .cychipprotect
                0x90600000        0x4 .\CortexM0\ARM_GCC_493\Debug\cymetadata.o
                0x90600000                cy_meta_chipprotect

.rel.dyn        0x00005548        0x0 load address 0x90600004
 .rel.iplt      0x00000000        0x0 c:/program files (x86)/cypress/psoc creator/4.0/psoc creator/import/gnu/arm/4.9.3/bin/../lib/gcc/arm-none-eabi/4.9.3/armv6-m/crtbegin.o

.stab
 *(.stab)

.stabstr
 *(.stabstr)

.debug
 *(.debug)

.line
 *(.line)

.debug_srcinfo
 *(.debug_srcinfo)

.debug_sfnames
 *(.debug_sfnames)

.debug_aranges  0x00000000      0x648
 *(.debug_aranges)
 .debug_aranges
                0x00000000       0x20 .\CortexM0\ARM_GCC_493\Debug\main.o
 .debug_aranges
                0x00000020       0x18 .\CortexM0\ARM_GCC_493\Debug\cymetadata.o
 .debug_aranges
                0x00000038       0x48 .\CortexM0\ARM_GCC_493\Debug\Cm0Start.o
 .debug_aranges
                0x00000080       0x50 .\CortexM0\ARM_GCC_493\Debug\ADC to UART.a(cyfitter_cfg.o)
 .debug_aranges
                0x000000d0       0x60 .\CortexM0\ARM_GCC_493\Debug\ADC to UART.a(UART.o)
 .debug_aranges
                0x00000130       0x88 .\CortexM0\ARM_GCC_493\Debug\ADC to UART.a(UART_UART.o)
 .debug_aranges
                0x000001b8      0x1b0 .\CortexM0\ARM_GCC_493\Debug\ADC to UART.a(CyLib.o)
 .debug_aranges
                0x00000368      0x198 .\CortexM0\ARM_GCC_493\Debug\ADC to UART.a(CyLFClk.o)
 .debug_aranges
                0x00000500       0xa8 .\CortexM0\ARM_GCC_493\Debug\ADC to UART.a(ADC.o)
 .debug_aranges
                0x000005a8       0x20 .\CortexM0\ARM_GCC_493\Debug\ADC to UART.a(ADC_INT.o)
 .debug_aranges
                0x000005c8       0x20 .\CortexM0\ARM_GCC_493\Debug\ADC to UART.a(CyBootAsmGnu.o)
 .debug_aranges
                0x000005e8       0x60 .\CortexM0\ARM_GCC_493\Debug\ADC to UART.a(UART_SPI_UART.o)

.debug_pubnames
 *(.debug_pubnames)

.debug_info     0x00000000     0x284e
 *(.debug_info .gnu.linkonce.wi.*)
 .debug_info    0x00000000       0xdb .\CortexM0\ARM_GCC_493\Debug\main.o
 .debug_info    0x000000db       0xfe .\CortexM0\ARM_GCC_493\Debug\cymetadata.o
 .debug_info    0x000001d9      0x300 .\CortexM0\ARM_GCC_493\Debug\Cm0Start.o
 .debug_info    0x000004d9      0x287 .\CortexM0\ARM_GCC_493\Debug\ADC to UART.a(cyfitter_cfg.o)
 .debug_info    0x00000760      0x1c3 .\CortexM0\ARM_GCC_493\Debug\ADC to UART.a(UART.o)
 .debug_info    0x00000923      0x2d5 .\CortexM0\ARM_GCC_493\Debug\ADC to UART.a(UART_UART.o)
 .debug_info    0x00000bf8      0x9d2 .\CortexM0\ARM_GCC_493\Debug\ADC to UART.a(CyLib.o)
 .debug_info    0x000015ca      0xaa3 .\CortexM0\ARM_GCC_493\Debug\ADC to UART.a(CyLFClk.o)
 .debug_info    0x0000206d      0x47b .\CortexM0\ARM_GCC_493\Debug\ADC to UART.a(ADC.o)
 .debug_info    0x000024e8       0xc5 .\CortexM0\ARM_GCC_493\Debug\ADC to UART.a(ADC_INT.o)
 .debug_info    0x000025ad       0x90 .\CortexM0\ARM_GCC_493\Debug\ADC to UART.a(CyBootAsmGnu.o)
 .debug_info    0x0000263d      0x211 .\CortexM0\ARM_GCC_493\Debug\ADC to UART.a(UART_SPI_UART.o)

.debug_abbrev   0x00000000      0xc70
 *(.debug_abbrev)
 .debug_abbrev  0x00000000       0x72 .\CortexM0\ARM_GCC_493\Debug\main.o
 .debug_abbrev  0x00000072       0x5d .\CortexM0\ARM_GCC_493\Debug\cymetadata.o
 .debug_abbrev  0x000000cf      0x1a5 .\CortexM0\ARM_GCC_493\Debug\Cm0Start.o
 .debug_abbrev  0x00000274      0x149 .\CortexM0\ARM_GCC_493\Debug\ADC to UART.a(cyfitter_cfg.o)
 .debug_abbrev  0x000003bd       0xcb .\CortexM0\ARM_GCC_493\Debug\ADC to UART.a(UART.o)
 .debug_abbrev  0x00000488       0xfd .\CortexM0\ARM_GCC_493\Debug\ADC to UART.a(UART_UART.o)
 .debug_abbrev  0x00000585      0x1a7 .\CortexM0\ARM_GCC_493\Debug\ADC to UART.a(CyLib.o)
 .debug_abbrev  0x0000072c      0x228 .\CortexM0\ARM_GCC_493\Debug\ADC to UART.a(CyLFClk.o)
 .debug_abbrev  0x00000954      0x163 .\CortexM0\ARM_GCC_493\Debug\ADC to UART.a(ADC.o)
 .debug_abbrev  0x00000ab7       0x65 .\CortexM0\ARM_GCC_493\Debug\ADC to UART.a(ADC_INT.o)
 .debug_abbrev  0x00000b1c       0x14 .\CortexM0\ARM_GCC_493\Debug\ADC to UART.a(CyBootAsmGnu.o)
 .debug_abbrev  0x00000b30      0x140 .\CortexM0\ARM_GCC_493\Debug\ADC to UART.a(UART_SPI_UART.o)

.debug_line     0x00000000     0x171e
 *(.debug_line)
 .debug_line    0x00000000       0x78 .\CortexM0\ARM_GCC_493\Debug\main.o
 .debug_line    0x00000078       0x51 .\CortexM0\ARM_GCC_493\Debug\cymetadata.o
 .debug_line    0x000000c9      0x1d0 .\CortexM0\ARM_GCC_493\Debug\Cm0Start.o
 .debug_line    0x00000299      0x193 .\CortexM0\ARM_GCC_493\Debug\ADC to UART.a(cyfitter_cfg.o)
 .debug_line    0x0000042c      0x105 .\CortexM0\ARM_GCC_493\Debug\ADC to UART.a(UART.o)
 .debug_line    0x00000531      0x19d .\CortexM0\ARM_GCC_493\Debug\ADC to UART.a(UART_UART.o)
 .debug_line    0x000006ce      0x4db .\CortexM0\ARM_GCC_493\Debug\ADC to UART.a(CyLib.o)
 .debug_line    0x00000ba9      0x6ec .\CortexM0\ARM_GCC_493\Debug\ADC to UART.a(CyLFClk.o)
 .debug_line    0x00001295      0x29c .\CortexM0\ARM_GCC_493\Debug\ADC to UART.a(ADC.o)
 .debug_line    0x00001531       0x62 .\CortexM0\ARM_GCC_493\Debug\ADC to UART.a(ADC_INT.o)
 .debug_line    0x00001593       0x68 .\CortexM0\ARM_GCC_493\Debug\ADC to UART.a(CyBootAsmGnu.o)
 .debug_line    0x000015fb      0x123 .\CortexM0\ARM_GCC_493\Debug\ADC to UART.a(UART_SPI_UART.o)

.debug_frame    0x00000000     0x2044
 *(.debug_frame)
 .debug_frame   0x00000000       0x34 .\CortexM0\ARM_GCC_493\Debug\main.o
 .debug_frame   0x00000034       0xc8 .\CortexM0\ARM_GCC_493\Debug\Cm0Start.o
 .debug_frame   0x000000fc       0xe8 .\CortexM0\ARM_GCC_493\Debug\ADC to UART.a(cyfitter_cfg.o)
 .debug_frame   0x000001e4      0x114 .\CortexM0\ARM_GCC_493\Debug\ADC to UART.a(UART.o)
 .debug_frame   0x000002f8      0x1bc .\CortexM0\ARM_GCC_493\Debug\ADC to UART.a(UART_UART.o)
 .debug_frame   0x000004b4      0x644 .\CortexM0\ARM_GCC_493\Debug\ADC to UART.a(CyLib.o)
 .debug_frame   0x00000af8      0x5f8 .\CortexM0\ARM_GCC_493\Debug\ADC to UART.a(CyLFClk.o)
 .debug_frame   0x000010f0      0x248 .\CortexM0\ARM_GCC_493\Debug\ADC to UART.a(ADC.o)
 .debug_frame   0x00001338       0x30 .\CortexM0\ARM_GCC_493\Debug\ADC to UART.a(ADC_INT.o)
 .debug_frame   0x00001368      0x128 .\CortexM0\ARM_GCC_493\Debug\ADC to UART.a(UART_SPI_UART.o)
 .debug_frame   0x00001490       0x20 c:/program files (x86)/cypress/psoc creator/4.0/psoc creator/import/gnu/arm/4.9.3/bin/../lib/gcc/arm-none-eabi/4.9.3/armv6-m\libgcc.a(_udivsi3.o)
 .debug_frame   0x000014b0       0x20 c:/program files (x86)/cypress/psoc creator/4.0/psoc creator/import/gnu/arm/4.9.3/bin/../lib/gcc/arm-none-eabi/4.9.3/armv6-m\libgcc.a(_divsi3.o)
 .debug_frame   0x000014d0       0x34 c:/program files (x86)/cypress/psoc creator/4.0/psoc creator/import/gnu/arm/4.9.3/bin/../lib/gcc/arm-none-eabi/4.9.3/armv6-m\libgcc.a(_muldi3.o)
 .debug_frame   0x00001504       0x50 c:/program files (x86)/cypress/psoc creator/4.0/psoc creator/import/gnu/arm/4.9.3/bin/../lib/gcc/arm-none-eabi/4.9.3/armv6-m\libgcc.a(bpabi.o)
 .debug_frame   0x00001554       0x3c c:/program files (x86)/cypress/psoc creator/4.0/psoc creator/import/gnu/arm/4.9.3/bin/../lib/gcc/arm-none-eabi/4.9.3/armv6-m\libgcc.a(divsf3.o)
 .debug_frame   0x00001590       0x3c c:/program files (x86)/cypress/psoc creator/4.0/psoc creator/import/gnu/arm/4.9.3/bin/../lib/gcc/arm-none-eabi/4.9.3/armv6-m\libgcc.a(mulsf3.o)
 .debug_frame   0x000015cc       0x2c c:/program files (x86)/cypress/psoc creator/4.0/psoc creator/import/gnu/arm/4.9.3/bin/../lib/gcc/arm-none-eabi/4.9.3/armv6-m\libgcc.a(floatsisf.o)
 .debug_frame   0x000015f8       0x2c c:/program files (x86)/cypress/psoc creator/4.0/psoc creator/import/gnu/arm/4.9.3/bin/../lib/gcc/arm-none-eabi/4.9.3/armv6-m\libgcc.a(extendsfdf2.o)
 .debug_frame   0x00001624       0x3c c:/program files (x86)/cypress/psoc creator/4.0/psoc creator/import/gnu/arm/4.9.3/bin/../lib/gcc/arm-none-eabi/4.9.3/armv6-m\libgcc.a(_divdi3.o)
 .debug_frame   0x00001660       0x3c c:/program files (x86)/cypress/psoc creator/4.0/psoc creator/import/gnu/arm/4.9.3/bin/../lib/gcc/arm-none-eabi/4.9.3/armv6-m\libgcc.a(_udivdi3.o)
 .debug_frame   0x0000169c       0x20 c:/program files (x86)/cypress/psoc creator/4.0/psoc creator/import/gnu/arm/4.9.3/bin/../lib/gcc/arm-none-eabi/4.9.3/../../../../arm-none-eabi/lib/armv6-m\libg_nano.a(lib_a-errno.o)
 .debug_frame   0x000016bc       0x28 c:/program files (x86)/cypress/psoc creator/4.0/psoc creator/import/gnu/arm/4.9.3/bin/../lib/gcc/arm-none-eabi/4.9.3/../../../../arm-none-eabi/lib/armv6-m\libg_nano.a(lib_a-exit.o)
 .debug_frame   0x000016e4       0x2c c:/program files (x86)/cypress/psoc creator/4.0/psoc creator/import/gnu/arm/4.9.3/bin/../lib/gcc/arm-none-eabi/4.9.3/../../../../arm-none-eabi/lib/armv6-m\libg_nano.a(lib_a-init.o)
 .debug_frame   0x00001710       0x28 c:/program files (x86)/cypress/psoc creator/4.0/psoc creator/import/gnu/arm/4.9.3/bin/../lib/gcc/arm-none-eabi/4.9.3/../../../../arm-none-eabi/lib/armv6-m\libg_nano.a(lib_a-memcpy.o)
 .debug_frame   0x00001738       0x20 c:/program files (x86)/cypress/psoc creator/4.0/psoc creator/import/gnu/arm/4.9.3/bin/../lib/gcc/arm-none-eabi/4.9.3/../../../../arm-none-eabi/lib/armv6-m\libg_nano.a(lib_a-memset.o)
 .debug_frame   0x00001758       0x74 c:/program files (x86)/cypress/psoc creator/4.0/psoc creator/import/gnu/arm/4.9.3/bin/../lib/gcc/arm-none-eabi/4.9.3/../../../../arm-none-eabi/lib/armv6-m\libg_nano.a(lib_a-nano-vfprintf_float.o)
 .debug_frame   0x000017cc       0x54 c:/program files (x86)/cypress/psoc creator/4.0/psoc creator/import/gnu/arm/4.9.3/bin/../lib/gcc/arm-none-eabi/4.9.3/../../../../arm-none-eabi/lib/armv6-m\libg_nano.a(lib_a-nano-vfprintf_i.o)
 .debug_frame   0x00001820       0x2c c:/program files (x86)/cypress/psoc creator/4.0/psoc creator/import/gnu/arm/4.9.3/bin/../lib/gcc/arm-none-eabi/4.9.3/../../../../arm-none-eabi/lib/armv6-m\libg_nano.a(lib_a-s_fpclassify.o)
 .debug_frame   0x0000184c       0x50 c:/program files (x86)/cypress/psoc creator/4.0/psoc creator/import/gnu/arm/4.9.3/bin/../lib/gcc/arm-none-eabi/4.9.3/../../../../arm-none-eabi/lib/armv6-m\libg_nano.a(lib_a-sprintf.o)
 .debug_frame   0x0000189c       0x20 c:/program files (x86)/cypress/psoc creator/4.0/psoc creator/import/gnu/arm/4.9.3/bin/../lib/gcc/arm-none-eabi/4.9.3/../../../../arm-none-eabi/lib/armv6-m\libg_nano.a(lib_a-strlen.o)
 .debug_frame   0x000018bc       0x54 c:/program files (x86)/cypress/psoc creator/4.0/psoc creator/import/gnu/arm/4.9.3/bin/../lib/gcc/arm-none-eabi/4.9.3/../../../../arm-none-eabi/lib/armv6-m\libg_nano.a(lib_a-dtoa.o)
 .debug_frame   0x00001910       0xa4 c:/program files (x86)/cypress/psoc creator/4.0/psoc creator/import/gnu/arm/4.9.3/bin/../lib/gcc/arm-none-eabi/4.9.3/../../../../arm-none-eabi/lib/armv6-m\libg_nano.a(lib_a-locale.o)
 .debug_frame   0x000019b4       0x40 c:/program files (x86)/cypress/psoc creator/4.0/psoc creator/import/gnu/arm/4.9.3/bin/../lib/gcc/arm-none-eabi/4.9.3/../../../../arm-none-eabi/lib/armv6-m\libg_nano.a(lib_a-malloc.o)
 .debug_frame   0x000019f4       0x20 c:/program files (x86)/cypress/psoc creator/4.0/psoc creator/import/gnu/arm/4.9.3/bin/../lib/gcc/arm-none-eabi/4.9.3/../../../../arm-none-eabi/lib/armv6-m\libg_nano.a(lib_a-memchr.o)
 .debug_frame   0x00001a14      0x238 c:/program files (x86)/cypress/psoc creator/4.0/psoc creator/import/gnu/arm/4.9.3/bin/../lib/gcc/arm-none-eabi/4.9.3/../../../../arm-none-eabi/lib/armv6-m\libg_nano.a(lib_a-mprec.o)
 .debug_frame   0x00001c4c       0x2c c:/program files (x86)/cypress/psoc creator/4.0/psoc creator/import/gnu/arm/4.9.3/bin/../lib/gcc/arm-none-eabi/4.9.3/../../../../arm-none-eabi/lib/armv6-m\libg_nano.a(lib_a-nano-callocr.o)
 .debug_frame   0x00001c78       0x2c c:/program files (x86)/cypress/psoc creator/4.0/psoc creator/import/gnu/arm/4.9.3/bin/../lib/gcc/arm-none-eabi/4.9.3/../../../../arm-none-eabi/lib/armv6-m\libg_nano.a(lib_a-nano-freer.o)
 .debug_frame   0x00001ca4       0x2c c:/program files (x86)/cypress/psoc creator/4.0/psoc creator/import/gnu/arm/4.9.3/bin/../lib/gcc/arm-none-eabi/4.9.3/../../../../arm-none-eabi/lib/armv6-m\libg_nano.a(lib_a-nano-mallocr.o)
 .debug_frame   0x00001cd0       0x74 c:/program files (x86)/cypress/psoc creator/4.0/psoc creator/import/gnu/arm/4.9.3/bin/../lib/gcc/arm-none-eabi/4.9.3/../../../../arm-none-eabi/lib/armv6-m\libg_nano.a(lib_a-nano-svfprintf.o)
 .debug_frame   0x00001d44       0x2c c:/program files (x86)/cypress/psoc creator/4.0/psoc creator/import/gnu/arm/4.9.3/bin/../lib/gcc/arm-none-eabi/4.9.3/../../../../arm-none-eabi/lib/armv6-m\libg_nano.a(lib_a-sbrkr.o)
 .debug_frame   0x00001d70       0x28 c:/program files (x86)/cypress/psoc creator/4.0/psoc creator/import/gnu/arm/4.9.3/bin/../lib/gcc/arm-none-eabi/4.9.3/../../../../arm-none-eabi/lib/armv6-m\libg_nano.a(lib_a-memmove.o)
 .debug_frame   0x00001d98       0x30 c:/program files (x86)/cypress/psoc creator/4.0/psoc creator/import/gnu/arm/4.9.3/bin/../lib/gcc/arm-none-eabi/4.9.3/../../../../arm-none-eabi/lib/armv6-m\libg_nano.a(lib_a-nano-reallocr.o)
 .debug_frame   0x00001dc8       0x48 c:/program files (x86)/cypress/psoc creator/4.0/psoc creator/import/gnu/arm/4.9.3/bin/../lib/gcc/arm-none-eabi/4.9.3/../../../../arm-none-eabi/lib/armv6-m\libg_nano.a(lib_a-reent.o)
 .debug_frame   0x00001e10       0x20 c:/program files (x86)/cypress/psoc creator/4.0/psoc creator/import/gnu/arm/4.9.3/bin/../lib/gcc/arm-none-eabi/4.9.3/../../../../arm-none-eabi/lib/armv6-m\libg_nano.a(lib_a-nano-msizer.o)
 .debug_frame   0x00001e30       0x38 c:/program files (x86)/cypress/psoc creator/4.0/psoc creator/import/gnu/arm/4.9.3/bin/../lib/gcc/arm-none-eabi/4.9.3/armv6-m\libgcc.a(adddf3.o)
 .debug_frame   0x00001e68       0x3c c:/program files (x86)/cypress/psoc creator/4.0/psoc creator/import/gnu/arm/4.9.3/bin/../lib/gcc/arm-none-eabi/4.9.3/armv6-m\libgcc.a(divdf3.o)
 .debug_frame   0x00001ea4       0x38 c:/program files (x86)/cypress/psoc creator/4.0/psoc creator/import/gnu/arm/4.9.3/bin/../lib/gcc/arm-none-eabi/4.9.3/armv6-m\libgcc.a(eqdf2.o)
 .debug_frame   0x00001edc       0x38 c:/program files (x86)/cypress/psoc creator/4.0/psoc creator/import/gnu/arm/4.9.3/bin/../lib/gcc/arm-none-eabi/4.9.3/armv6-m\libgcc.a(gedf2.o)
 .debug_frame   0x00001f14       0x38 c:/program files (x86)/cypress/psoc creator/4.0/psoc creator/import/gnu/arm/4.9.3/bin/../lib/gcc/arm-none-eabi/4.9.3/armv6-m\libgcc.a(ledf2.o)
 .debug_frame   0x00001f4c       0x3c c:/program files (x86)/cypress/psoc creator/4.0/psoc creator/import/gnu/arm/4.9.3/bin/../lib/gcc/arm-none-eabi/4.9.3/armv6-m\libgcc.a(muldf3.o)
 .debug_frame   0x00001f88       0x3c c:/program files (x86)/cypress/psoc creator/4.0/psoc creator/import/gnu/arm/4.9.3/bin/../lib/gcc/arm-none-eabi/4.9.3/armv6-m\libgcc.a(subdf3.o)
 .debug_frame   0x00001fc4       0x2c c:/program files (x86)/cypress/psoc creator/4.0/psoc creator/import/gnu/arm/4.9.3/bin/../lib/gcc/arm-none-eabi/4.9.3/armv6-m\libgcc.a(fixdfsi.o)
 .debug_frame   0x00001ff0       0x2c c:/program files (x86)/cypress/psoc creator/4.0/psoc creator/import/gnu/arm/4.9.3/bin/../lib/gcc/arm-none-eabi/4.9.3/armv6-m\libgcc.a(floatsidf.o)
 .debug_frame   0x0000201c       0x28 c:/program files (x86)/cypress/psoc creator/4.0/psoc creator/import/gnu/arm/4.9.3/bin/../lib/gcc/arm-none-eabi/4.9.3/armv6-m\libgcc.a(floatunsidf.o)

.debug_str      0x00000000     0x15b2
 *(.debug_str)
 .debug_str     0x00000000      0x15d .\CortexM0\ARM_GCC_493\Debug\main.o
                                0x196 (size before relaxing)
 .debug_str     0x0000015d       0x5f .\CortexM0\ARM_GCC_493\Debug\cymetadata.o
                                0x1ce (size before relaxing)
 .debug_str     0x000001bc      0x133 .\CortexM0\ARM_GCC_493\Debug\Cm0Start.o
                                0x2c2 (size before relaxing)
 .debug_str     0x000002ef       0xca .\CortexM0\ARM_GCC_493\Debug\ADC to UART.a(cyfitter_cfg.o)
                                0x260 (size before relaxing)
 .debug_str     0x000003b9       0xe5 .\CortexM0\ARM_GCC_493\Debug\ADC to UART.a(UART.o)
                                0x26e (size before relaxing)
 .debug_str     0x0000049e      0x196 .\CortexM0\ARM_GCC_493\Debug\ADC to UART.a(UART_UART.o)
                                0x337 (size before relaxing)
 .debug_str     0x00000634      0x53f .\CortexM0\ARM_GCC_493\Debug\ADC to UART.a(CyLib.o)
                                0x6f4 (size before relaxing)
 .debug_str     0x00000b73      0x713 .\CortexM0\ARM_GCC_493\Debug\ADC to UART.a(CyLFClk.o)
                                0x8ee (size before relaxing)
 .debug_str     0x00001286      0x1c9 .\CortexM0\ARM_GCC_493\Debug\ADC to UART.a(ADC.o)
                                0x387 (size before relaxing)
 .debug_str     0x0000144f       0x35 .\CortexM0\ARM_GCC_493\Debug\ADC to UART.a(ADC_INT.o)
                                0x1b1 (size before relaxing)
 .debug_str     0x00001484      0x12e .\CortexM0\ARM_GCC_493\Debug\ADC to UART.a(UART_SPI_UART.o)
                                0x2c2 (size before relaxing)

.debug_loc
 *(.debug_loc)

.debug_macinfo
 *(.debug_macinfo)

.debug_ranges   0x00000000      0x570
 *(.debug_ranges)
 .debug_ranges  0x00000000       0x10 .\CortexM0\ARM_GCC_493\Debug\main.o
 .debug_ranges  0x00000010       0x38 .\CortexM0\ARM_GCC_493\Debug\Cm0Start.o
 .debug_ranges  0x00000048       0x40 .\CortexM0\ARM_GCC_493\Debug\ADC to UART.a(cyfitter_cfg.o)
 .debug_ranges  0x00000088       0x50 .\CortexM0\ARM_GCC_493\Debug\ADC to UART.a(UART.o)
 .debug_ranges  0x000000d8       0x78 .\CortexM0\ARM_GCC_493\Debug\ADC to UART.a(UART_UART.o)
 .debug_ranges  0x00000150      0x1a0 .\CortexM0\ARM_GCC_493\Debug\ADC to UART.a(CyLib.o)
 .debug_ranges  0x000002f0      0x188 .\CortexM0\ARM_GCC_493\Debug\ADC to UART.a(CyLFClk.o)
 .debug_ranges  0x00000478       0x98 .\CortexM0\ARM_GCC_493\Debug\ADC to UART.a(ADC.o)
 .debug_ranges  0x00000510       0x10 .\CortexM0\ARM_GCC_493\Debug\ADC to UART.a(ADC_INT.o)
 .debug_ranges  0x00000520       0x50 .\CortexM0\ARM_GCC_493\Debug\ADC to UART.a(UART_SPI_UART.o)

.comment        0x00000000       0x70
 .comment       0x00000000       0x70 .\CortexM0\ARM_GCC_493\Debug\main.o
                                 0x71 (size before relaxing)
 .comment       0x00000000       0x71 .\CortexM0\ARM_GCC_493\Debug\cymetadata.o
 .comment       0x00000000       0x71 .\CortexM0\ARM_GCC_493\Debug\Cm0Start.o
 .comment       0x00000000       0x71 .\CortexM0\ARM_GCC_493\Debug\ADC to UART.a(cyfitter_cfg.o)
 .comment       0x00000000       0x71 .\CortexM0\ARM_GCC_493\Debug\ADC to UART.a(UART.o)
 .comment       0x00000000       0x71 .\CortexM0\ARM_GCC_493\Debug\ADC to UART.a(UART_UART.o)
 .comment       0x00000000       0x71 .\CortexM0\ARM_GCC_493\Debug\ADC to UART.a(CyLib.o)
 .comment       0x00000000       0x71 .\CortexM0\ARM_GCC_493\Debug\ADC to UART.a(CyLFClk.o)
 .comment       0x00000000       0x71 .\CortexM0\ARM_GCC_493\Debug\ADC to UART.a(ADC.o)
 .comment       0x00000000       0x71 .\CortexM0\ARM_GCC_493\Debug\ADC to UART.a(ADC_INT.o)
 .comment       0x00000000       0x71 .\CortexM0\ARM_GCC_493\Debug\ADC to UART.a(UART_SPI_UART.o)

.debug_weaknames
 *(.debug_weaknames)

.debug_funcnames
 *(.debug_funcnames)

.debug_typenames
 *(.debug_typenames)

.debug_varnames
 *(.debug_varnames)

.note.gnu.arm.ident
 *(.note.gnu.arm.ident)

.ARM.attributes
                0x00000000       0x28
 *(.ARM.attributes)
 .ARM.attributes
                0x00000000       0x1e c:/program files (x86)/cypress/psoc creator/4.0/psoc creator/import/gnu/arm/4.9.3/bin/../lib/gcc/arm-none-eabi/4.9.3/armv6-m/crti.o
 .ARM.attributes
                0x0000001e       0x2c c:/program files (x86)/cypress/psoc creator/4.0/psoc creator/import/gnu/arm/4.9.3/bin/../lib/gcc/arm-none-eabi/4.9.3/armv6-m/crtbegin.o
 .ARM.attributes
                0x0000004a       0x1b c:/program files (x86)/cypress/psoc creator/4.0/psoc creator/import/gnu/arm/4.9.3/bin/../lib/gcc/arm-none-eabi/4.9.3/../../../../arm-none-eabi/lib/armv6-m/crt0.o
 .ARM.attributes
                0x00000065       0x31 .\CortexM0\ARM_GCC_493\Debug\main.o
 .ARM.attributes
                0x00000096       0x31 .\CortexM0\ARM_GCC_493\Debug\cymetadata.o
 .ARM.attributes
                0x000000c7       0x31 .\CortexM0\ARM_GCC_493\Debug\Cm0Start.o
 .ARM.attributes
                0x000000f8       0x31 .\CortexM0\ARM_GCC_493\Debug\ADC to UART.a(cyfitter_cfg.o)
 .ARM.attributes
                0x00000129       0x31 .\CortexM0\ARM_GCC_493\Debug\ADC to UART.a(UART.o)
 .ARM.attributes
                0x0000015a       0x31 .\CortexM0\ARM_GCC_493\Debug\ADC to UART.a(UART_UART.o)
 .ARM.attributes
                0x0000018b       0x31 .\CortexM0\ARM_GCC_493\Debug\ADC to UART.a(CyLib.o)
 .ARM.attributes
                0x000001bc       0x31 .\CortexM0\ARM_GCC_493\Debug\ADC to UART.a(CyLFClk.o)
 .ARM.attributes
                0x000001ed       0x31 .\CortexM0\ARM_GCC_493\Debug\ADC to UART.a(ADC.o)
 .ARM.attributes
                0x0000021e       0x31 .\CortexM0\ARM_GCC_493\Debug\ADC to UART.a(ADC_INT.o)
 .ARM.attributes
                0x0000024f       0x21 .\CortexM0\ARM_GCC_493\Debug\ADC to UART.a(CyBootAsmGnu.o)
 .ARM.attributes
                0x00000270       0x31 .\CortexM0\ARM_GCC_493\Debug\ADC to UART.a(UART_SPI_UART.o)
 .ARM.attributes
                0x000002a1       0x1e c:/program files (x86)/cypress/psoc creator/4.0/psoc creator/import/gnu/arm/4.9.3/bin/../lib/gcc/arm-none-eabi/4.9.3/armv6-m\libgcc.a(_udivsi3.o)
 .ARM.attributes
                0x000002bf       0x1e c:/program files (x86)/cypress/psoc creator/4.0/psoc creator/import/gnu/arm/4.9.3/bin/../lib/gcc/arm-none-eabi/4.9.3/armv6-m\libgcc.a(_divsi3.o)
 .ARM.attributes
                0x000002dd       0x1e c:/program files (x86)/cypress/psoc creator/4.0/psoc creator/import/gnu/arm/4.9.3/bin/../lib/gcc/arm-none-eabi/4.9.3/armv6-m\libgcc.a(_dvmd_tls.o)
 .ARM.attributes
                0x000002fb       0x1e c:/program files (x86)/cypress/psoc creator/4.0/psoc creator/import/gnu/arm/4.9.3/bin/../lib/gcc/arm-none-eabi/4.9.3/armv6-m\libgcc.a(_aeabi_ldivmod.o)
 .ARM.attributes
                0x00000319       0x2c c:/program files (x86)/cypress/psoc creator/4.0/psoc creator/import/gnu/arm/4.9.3/bin/../lib/gcc/arm-none-eabi/4.9.3/armv6-m\libgcc.a(_muldi3.o)
 .ARM.attributes
                0x00000345       0x2c c:/program files (x86)/cypress/psoc creator/4.0/psoc creator/import/gnu/arm/4.9.3/bin/../lib/gcc/arm-none-eabi/4.9.3/armv6-m\libgcc.a(bpabi.o)
 .ARM.attributes
                0x00000371       0x2c c:/program files (x86)/cypress/psoc creator/4.0/psoc creator/import/gnu/arm/4.9.3/bin/../lib/gcc/arm-none-eabi/4.9.3/armv6-m\libgcc.a(divsf3.o)
 .ARM.attributes
                0x0000039d       0x2c c:/program files (x86)/cypress/psoc creator/4.0/psoc creator/import/gnu/arm/4.9.3/bin/../lib/gcc/arm-none-eabi/4.9.3/armv6-m\libgcc.a(mulsf3.o)
 .ARM.attributes
                0x000003c9       0x2c c:/program files (x86)/cypress/psoc creator/4.0/psoc creator/import/gnu/arm/4.9.3/bin/../lib/gcc/arm-none-eabi/4.9.3/armv6-m\libgcc.a(floatsisf.o)
 .ARM.attributes
                0x000003f5       0x2c c:/program files (x86)/cypress/psoc creator/4.0/psoc creator/import/gnu/arm/4.9.3/bin/../lib/gcc/arm-none-eabi/4.9.3/armv6-m\libgcc.a(extendsfdf2.o)
 .ARM.attributes
                0x00000421       0x1e c:/program files (x86)/cypress/psoc creator/4.0/psoc creator/import/gnu/arm/4.9.3/bin/../lib/gcc/arm-none-eabi/4.9.3/armv6-m\libgcc.a(_clzsi2.o)
 .ARM.attributes
                0x0000043f       0x2c c:/program files (x86)/cypress/psoc creator/4.0/psoc creator/import/gnu/arm/4.9.3/bin/../lib/gcc/arm-none-eabi/4.9.3/armv6-m\libgcc.a(_divdi3.o)
 .ARM.attributes
                0x0000046b       0x2c c:/program files (x86)/cypress/psoc creator/4.0/psoc creator/import/gnu/arm/4.9.3/bin/../lib/gcc/arm-none-eabi/4.9.3/armv6-m\libgcc.a(_udivdi3.o)
 .ARM.attributes
                0x00000497       0x1e c:/program files (x86)/cypress/psoc creator/4.0/psoc creator/import/gnu/arm/4.9.3/bin/../lib/gcc/arm-none-eabi/4.9.3/armv6-m\libgcc.a(_clzdi2.o)
 .ARM.attributes
                0x000004b5       0x2c c:/program files (x86)/cypress/psoc creator/4.0/psoc creator/import/gnu/arm/4.9.3/bin/../lib/gcc/arm-none-eabi/4.9.3/../../../../arm-none-eabi/lib/armv6-m\libg_nano.a(lib_a-errno.o)
 .ARM.attributes
                0x000004e1       0x2c c:/program files (x86)/cypress/psoc creator/4.0/psoc creator/import/gnu/arm/4.9.3/bin/../lib/gcc/arm-none-eabi/4.9.3/../../../../arm-none-eabi/lib/armv6-m\libg_nano.a(lib_a-exit.o)
 .ARM.attributes
                0x0000050d       0x2c c:/program files (x86)/cypress/psoc creator/4.0/psoc creator/import/gnu/arm/4.9.3/bin/../lib/gcc/arm-none-eabi/4.9.3/../../../../arm-none-eabi/lib/armv6-m\libg_nano.a(lib_a-impure.o)
 .ARM.attributes
                0x00000539       0x2c c:/program files (x86)/cypress/psoc creator/4.0/psoc creator/import/gnu/arm/4.9.3/bin/../lib/gcc/arm-none-eabi/4.9.3/../../../../arm-none-eabi/lib/armv6-m\libg_nano.a(lib_a-init.o)
 .ARM.attributes
                0x00000565       0x2c c:/program files (x86)/cypress/psoc creator/4.0/psoc creator/import/gnu/arm/4.9.3/bin/../lib/gcc/arm-none-eabi/4.9.3/../../../../arm-none-eabi/lib/armv6-m\libg_nano.a(lib_a-memcpy.o)
 .ARM.attributes
                0x00000591       0x2c c:/program files (x86)/cypress/psoc creator/4.0/psoc creator/import/gnu/arm/4.9.3/bin/../lib/gcc/arm-none-eabi/4.9.3/../../../../arm-none-eabi/lib/armv6-m\libg_nano.a(lib_a-memset.o)
 .ARM.attributes
                0x000005bd       0x2c c:/program files (x86)/cypress/psoc creator/4.0/psoc creator/import/gnu/arm/4.9.3/bin/../lib/gcc/arm-none-eabi/4.9.3/../../../../arm-none-eabi/lib/armv6-m\libg_nano.a(lib_a-nano-vfprintf_float.o)
 .ARM.attributes
                0x000005e9       0x2c c:/program files (x86)/cypress/psoc creator/4.0/psoc creator/import/gnu/arm/4.9.3/bin/../lib/gcc/arm-none-eabi/4.9.3/../../../../arm-none-eabi/lib/armv6-m\libg_nano.a(lib_a-nano-vfprintf_i.o)
 .ARM.attributes
                0x00000615       0x2c c:/program files (x86)/cypress/psoc creator/4.0/psoc creator/import/gnu/arm/4.9.3/bin/../lib/gcc/arm-none-eabi/4.9.3/../../../../arm-none-eabi/lib/armv6-m\libg_nano.a(lib_a-s_fpclassify.o)
 .ARM.attributes
                0x00000641       0x2c c:/program files (x86)/cypress/psoc creator/4.0/psoc creator/import/gnu/arm/4.9.3/bin/../lib/gcc/arm-none-eabi/4.9.3/../../../../arm-none-eabi/lib/armv6-m\libg_nano.a(lib_a-sprintf.o)
 .ARM.attributes
                0x0000066d       0x2c c:/program files (x86)/cypress/psoc creator/4.0/psoc creator/import/gnu/arm/4.9.3/bin/../lib/gcc/arm-none-eabi/4.9.3/../../../../arm-none-eabi/lib/armv6-m\libg_nano.a(lib_a-strlen.o)
 .ARM.attributes
                0x00000699       0x2c c:/program files (x86)/cypress/psoc creator/4.0/psoc creator/import/gnu/arm/4.9.3/bin/../lib/gcc/arm-none-eabi/4.9.3/../../../../arm-none-eabi/lib/armv6-m\libg_nano.a(lib_a-dtoa.o)
 .ARM.attributes
                0x000006c5       0x2c c:/program files (x86)/cypress/psoc creator/4.0/psoc creator/import/gnu/arm/4.9.3/bin/../lib/gcc/arm-none-eabi/4.9.3/../../../../arm-none-eabi/lib/armv6-m\libg_nano.a(lib_a-locale.o)
 .ARM.attributes
                0x000006f1       0x2c c:/program files (x86)/cypress/psoc creator/4.0/psoc creator/import/gnu/arm/4.9.3/bin/../lib/gcc/arm-none-eabi/4.9.3/../../../../arm-none-eabi/lib/armv6-m\libg_nano.a(lib_a-malloc.o)
 .ARM.attributes
                0x0000071d       0x2c c:/program files (x86)/cypress/psoc creator/4.0/psoc creator/import/gnu/arm/4.9.3/bin/../lib/gcc/arm-none-eabi/4.9.3/../../../../arm-none-eabi/lib/armv6-m\libg_nano.a(lib_a-memchr.o)
 .ARM.attributes
                0x00000749       0x2c c:/program files (x86)/cypress/psoc creator/4.0/psoc creator/import/gnu/arm/4.9.3/bin/../lib/gcc/arm-none-eabi/4.9.3/../../../../arm-none-eabi/lib/armv6-m\libg_nano.a(lib_a-mprec.o)
 .ARM.attributes
                0x00000775       0x2c c:/program files (x86)/cypress/psoc creator/4.0/psoc creator/import/gnu/arm/4.9.3/bin/../lib/gcc/arm-none-eabi/4.9.3/../../../../arm-none-eabi/lib/armv6-m\libg_nano.a(lib_a-nano-callocr.o)
 .ARM.attributes
                0x000007a1       0x2c c:/program files (x86)/cypress/psoc creator/4.0/psoc creator/import/gnu/arm/4.9.3/bin/../lib/gcc/arm-none-eabi/4.9.3/../../../../arm-none-eabi/lib/armv6-m\libg_nano.a(lib_a-nano-freer.o)
 .ARM.attributes
                0x000007cd       0x2c c:/program files (x86)/cypress/psoc creator/4.0/psoc creator/import/gnu/arm/4.9.3/bin/../lib/gcc/arm-none-eabi/4.9.3/../../../../arm-none-eabi/lib/armv6-m\libg_nano.a(lib_a-nano-mallocr.o)
 .ARM.attributes
                0x000007f9       0x2c c:/program files (x86)/cypress/psoc creator/4.0/psoc creator/import/gnu/arm/4.9.3/bin/../lib/gcc/arm-none-eabi/4.9.3/../../../../arm-none-eabi/lib/armv6-m\libg_nano.a(lib_a-nano-svfprintf.o)
 .ARM.attributes
                0x00000825       0x2c c:/program files (x86)/cypress/psoc creator/4.0/psoc creator/import/gnu/arm/4.9.3/bin/../lib/gcc/arm-none-eabi/4.9.3/../../../../arm-none-eabi/lib/armv6-m\libg_nano.a(lib_a-sbrkr.o)
 .ARM.attributes
                0x00000851       0x1c c:/program files (x86)/cypress/psoc creator/4.0/psoc creator/import/gnu/arm/4.9.3/bin/../lib/gcc/arm-none-eabi/4.9.3/../../../../arm-none-eabi/lib/armv6-m\libg_nano.a(lib_a-strcmp.o)
 .ARM.attributes
                0x0000086d       0x2c c:/program files (x86)/cypress/psoc creator/4.0/psoc creator/import/gnu/arm/4.9.3/bin/../lib/gcc/arm-none-eabi/4.9.3/../../../../arm-none-eabi/lib/armv6-m\libg_nano.a(lib_a-memmove.o)
 .ARM.attributes
                0x00000899       0x2c c:/program files (x86)/cypress/psoc creator/4.0/psoc creator/import/gnu/arm/4.9.3/bin/../lib/gcc/arm-none-eabi/4.9.3/../../../../arm-none-eabi/lib/armv6-m\libg_nano.a(lib_a-nano-reallocr.o)
 .ARM.attributes
                0x000008c5       0x2c c:/program files (x86)/cypress/psoc creator/4.0/psoc creator/import/gnu/arm/4.9.3/bin/../lib/gcc/arm-none-eabi/4.9.3/../../../../arm-none-eabi/lib/armv6-m\libg_nano.a(lib_a-reent.o)
 .ARM.attributes
                0x000008f1       0x2c c:/program files (x86)/cypress/psoc creator/4.0/psoc creator/import/gnu/arm/4.9.3/bin/../lib/gcc/arm-none-eabi/4.9.3/../../../../arm-none-eabi/lib/armv6-m\libg_nano.a(lib_a-nano-msizer.o)
 .ARM.attributes
                0x0000091d       0x1e c:/program files (x86)/cypress/psoc creator/4.0/psoc creator/import/gnu/arm/4.9.3/bin/../lib/gcc/arm-none-eabi/4.9.3/armv6-m\libgcc.a(_thumb1_case_uqi.o)
 .ARM.attributes
                0x0000093b       0x1e c:/program files (x86)/cypress/psoc creator/4.0/psoc creator/import/gnu/arm/4.9.3/bin/../lib/gcc/arm-none-eabi/4.9.3/armv6-m\libgcc.a(_arm_cmpdf2.o)
 .ARM.attributes
                0x00000959       0x2c c:/program files (x86)/cypress/psoc creator/4.0/psoc creator/import/gnu/arm/4.9.3/bin/../lib/gcc/arm-none-eabi/4.9.3/armv6-m\libgcc.a(adddf3.o)
 .ARM.attributes
                0x00000985       0x2c c:/program files (x86)/cypress/psoc creator/4.0/psoc creator/import/gnu/arm/4.9.3/bin/../lib/gcc/arm-none-eabi/4.9.3/armv6-m\libgcc.a(divdf3.o)
 .ARM.attributes
                0x000009b1       0x2c c:/program files (x86)/cypress/psoc creator/4.0/psoc creator/import/gnu/arm/4.9.3/bin/../lib/gcc/arm-none-eabi/4.9.3/armv6-m\libgcc.a(eqdf2.o)
 .ARM.attributes
                0x000009dd       0x2c c:/program files (x86)/cypress/psoc creator/4.0/psoc creator/import/gnu/arm/4.9.3/bin/../lib/gcc/arm-none-eabi/4.9.3/armv6-m\libgcc.a(gedf2.o)
 .ARM.attributes
                0x00000a09       0x2c c:/program files (x86)/cypress/psoc creator/4.0/psoc creator/import/gnu/arm/4.9.3/bin/../lib/gcc/arm-none-eabi/4.9.3/armv6-m\libgcc.a(ledf2.o)
 .ARM.attributes
                0x00000a35       0x2c c:/program files (x86)/cypress/psoc creator/4.0/psoc creator/import/gnu/arm/4.9.3/bin/../lib/gcc/arm-none-eabi/4.9.3/armv6-m\libgcc.a(muldf3.o)
 .ARM.attributes
                0x00000a61       0x2c c:/program files (x86)/cypress/psoc creator/4.0/psoc creator/import/gnu/arm/4.9.3/bin/../lib/gcc/arm-none-eabi/4.9.3/armv6-m\libgcc.a(subdf3.o)
 .ARM.attributes
                0x00000a8d       0x2c c:/program files (x86)/cypress/psoc creator/4.0/psoc creator/import/gnu/arm/4.9.3/bin/../lib/gcc/arm-none-eabi/4.9.3/armv6-m\libgcc.a(fixdfsi.o)
 .ARM.attributes
                0x00000ab9       0x2c c:/program files (x86)/cypress/psoc creator/4.0/psoc creator/import/gnu/arm/4.9.3/bin/../lib/gcc/arm-none-eabi/4.9.3/armv6-m\libgcc.a(floatsidf.o)
 .ARM.attributes
                0x00000ae5       0x2c c:/program files (x86)/cypress/psoc creator/4.0/psoc creator/import/gnu/arm/4.9.3/bin/../lib/gcc/arm-none-eabi/4.9.3/armv6-m\libgcc.a(floatunsidf.o)
 .ARM.attributes
                0x00000b11       0x2c c:/program files (x86)/cypress/psoc creator/4.0/psoc creator/import/gnu/arm/4.9.3/bin/../lib/gcc/arm-none-eabi/4.9.3/armv6-m/crtend.o
 .ARM.attributes
                0x00000b3d       0x1e c:/program files (x86)/cypress/psoc creator/4.0/psoc creator/import/gnu/arm/4.9.3/bin/../lib/gcc/arm-none-eabi/4.9.3/armv6-m/crtn.o

/DISCARD/
 *(.note.GNU-stack)
OUTPUT(.\CortexM0\ARM_GCC_493\Debug\ADC to UART.elf elf32-littlearm)
